Archive member included to satisfy reference by file (symbol)

C:/ST/STM32CubeIDE_1.13.2/STM32CubeIDE/plugins/com.st.stm32cube.ide.mcu.externaltools.gnu-tools-for-stm32.12.3.rel1.win32_1.0.200.202406191623/tools/bin/../lib/gcc/arm-none-eabi/12.3.1/../../../../arm-none-eabi/lib/thumb/v7e-m+dp/hard\libc_nano.a(libc_a-exit.o)
                              C:/ST/STM32CubeIDE_1.13.2/STM32CubeIDE/plugins/com.st.stm32cube.ide.mcu.externaltools.gnu-tools-for-stm32.12.3.rel1.win32_1.0.200.202406191623/tools/bin/../lib/gcc/arm-none-eabi/12.3.1/../../../../arm-none-eabi/lib/thumb/v7e-m+dp/hard/crt0.o (exit)
C:/ST/STM32CubeIDE_1.13.2/STM32CubeIDE/plugins/com.st.stm32cube.ide.mcu.externaltools.gnu-tools-for-stm32.12.3.rel1.win32_1.0.200.202406191623/tools/bin/../lib/gcc/arm-none-eabi/12.3.1/../../../../arm-none-eabi/lib/thumb/v7e-m+dp/hard\libc_nano.a(libc_a-findfp.o)
                              C:/ST/STM32CubeIDE_1.13.2/STM32CubeIDE/plugins/com.st.stm32cube.ide.mcu.externaltools.gnu-tools-for-stm32.12.3.rel1.win32_1.0.200.202406191623/tools/bin/../lib/gcc/arm-none-eabi/12.3.1/../../../../arm-none-eabi/lib/thumb/v7e-m+dp/hard\libc_nano.a(libc_a-exit.o) (__stdio_exit_handler)
C:/ST/STM32CubeIDE_1.13.2/STM32CubeIDE/plugins/com.st.stm32cube.ide.mcu.externaltools.gnu-tools-for-stm32.12.3.rel1.win32_1.0.200.202406191623/tools/bin/../lib/gcc/arm-none-eabi/12.3.1/../../../../arm-none-eabi/lib/thumb/v7e-m+dp/hard\libc_nano.a(libc_a-fwalk.o)
                              C:/ST/STM32CubeIDE_1.13.2/STM32CubeIDE/plugins/com.st.stm32cube.ide.mcu.externaltools.gnu-tools-for-stm32.12.3.rel1.win32_1.0.200.202406191623/tools/bin/../lib/gcc/arm-none-eabi/12.3.1/../../../../arm-none-eabi/lib/thumb/v7e-m+dp/hard\libc_nano.a(libc_a-findfp.o) (_fwalk_sglue)
C:/ST/STM32CubeIDE_1.13.2/STM32CubeIDE/plugins/com.st.stm32cube.ide.mcu.externaltools.gnu-tools-for-stm32.12.3.rel1.win32_1.0.200.202406191623/tools/bin/../lib/gcc/arm-none-eabi/12.3.1/../../../../arm-none-eabi/lib/thumb/v7e-m+dp/hard\libc_nano.a(libc_a-stdio.o)
                              C:/ST/STM32CubeIDE_1.13.2/STM32CubeIDE/plugins/com.st.stm32cube.ide.mcu.externaltools.gnu-tools-for-stm32.12.3.rel1.win32_1.0.200.202406191623/tools/bin/../lib/gcc/arm-none-eabi/12.3.1/../../../../arm-none-eabi/lib/thumb/v7e-m+dp/hard\libc_nano.a(libc_a-findfp.o) (__sread)
C:/ST/STM32CubeIDE_1.13.2/STM32CubeIDE/plugins/com.st.stm32cube.ide.mcu.externaltools.gnu-tools-for-stm32.12.3.rel1.win32_1.0.200.202406191623/tools/bin/../lib/gcc/arm-none-eabi/12.3.1/../../../../arm-none-eabi/lib/thumb/v7e-m+dp/hard\libc_nano.a(libc_a-memset.o)
                              C:/ST/STM32CubeIDE_1.13.2/STM32CubeIDE/plugins/com.st.stm32cube.ide.mcu.externaltools.gnu-tools-for-stm32.12.3.rel1.win32_1.0.200.202406191623/tools/bin/../lib/gcc/arm-none-eabi/12.3.1/../../../../arm-none-eabi/lib/thumb/v7e-m+dp/hard/crt0.o (memset)
C:/ST/STM32CubeIDE_1.13.2/STM32CubeIDE/plugins/com.st.stm32cube.ide.mcu.externaltools.gnu-tools-for-stm32.12.3.rel1.win32_1.0.200.202406191623/tools/bin/../lib/gcc/arm-none-eabi/12.3.1/../../../../arm-none-eabi/lib/thumb/v7e-m+dp/hard\libc_nano.a(libc_a-closer.o)
                              C:/ST/STM32CubeIDE_1.13.2/STM32CubeIDE/plugins/com.st.stm32cube.ide.mcu.externaltools.gnu-tools-for-stm32.12.3.rel1.win32_1.0.200.202406191623/tools/bin/../lib/gcc/arm-none-eabi/12.3.1/../../../../arm-none-eabi/lib/thumb/v7e-m+dp/hard\libc_nano.a(libc_a-stdio.o) (_close_r)
C:/ST/STM32CubeIDE_1.13.2/STM32CubeIDE/plugins/com.st.stm32cube.ide.mcu.externaltools.gnu-tools-for-stm32.12.3.rel1.win32_1.0.200.202406191623/tools/bin/../lib/gcc/arm-none-eabi/12.3.1/../../../../arm-none-eabi/lib/thumb/v7e-m+dp/hard\libc_nano.a(libc_a-reent.o)
                              C:/ST/STM32CubeIDE_1.13.2/STM32CubeIDE/plugins/com.st.stm32cube.ide.mcu.externaltools.gnu-tools-for-stm32.12.3.rel1.win32_1.0.200.202406191623/tools/bin/../lib/gcc/arm-none-eabi/12.3.1/../../../../arm-none-eabi/lib/thumb/v7e-m+dp/hard\libc_nano.a(libc_a-closer.o) (errno)
C:/ST/STM32CubeIDE_1.13.2/STM32CubeIDE/plugins/com.st.stm32cube.ide.mcu.externaltools.gnu-tools-for-stm32.12.3.rel1.win32_1.0.200.202406191623/tools/bin/../lib/gcc/arm-none-eabi/12.3.1/../../../../arm-none-eabi/lib/thumb/v7e-m+dp/hard\libc_nano.a(libc_a-impure.o)
                              C:/ST/STM32CubeIDE_1.13.2/STM32CubeIDE/plugins/com.st.stm32cube.ide.mcu.externaltools.gnu-tools-for-stm32.12.3.rel1.win32_1.0.200.202406191623/tools/bin/../lib/gcc/arm-none-eabi/12.3.1/../../../../arm-none-eabi/lib/thumb/v7e-m+dp/hard\libc_nano.a(libc_a-reent.o) (_impure_ptr)
C:/ST/STM32CubeIDE_1.13.2/STM32CubeIDE/plugins/com.st.stm32cube.ide.mcu.externaltools.gnu-tools-for-stm32.12.3.rel1.win32_1.0.200.202406191623/tools/bin/../lib/gcc/arm-none-eabi/12.3.1/../../../../arm-none-eabi/lib/thumb/v7e-m+dp/hard\libc_nano.a(libc_a-lseekr.o)
[...]
Memory Configuration

Name             Origin             Length             Attributes
FLASH            0x08000000         0x00200000         xr
DTCMRAM          0x20000000         0x00020000         xrw
RAM_D1           0x24000000         0x00080000         xrw
RAM_D2           0x30000000         0x00048000         xrw
RAM_D3           0x38000000         0x00010000         xrw
ITCMRAM          0x00000000         0x00010000         xrw
*default*        0x00000000         0xffffffff

Linker script and memory map

LOAD C:/ST/STM32CubeIDE_1.13.2/STM32CubeIDE/plugins/com.st.stm32cube.ide.mcu.externaltools.gnu-tools-for-stm32.12.3.rel1.win32_1.0.200.202406191623/tools/bin/../lib/gcc/arm-none-eabi/12.3.1/thumb/v7e-m+dp/hard/crti.o
LOAD C:/ST/STM32CubeIDE_1.13.2/STM32CubeIDE/plugins/com.st.stm32cube.ide.mcu.externaltools.gnu-tools-for-stm32.12.3.rel1.win32_1.0.200.202406191623/tools/bin/../lib/gcc/arm-none-eabi/12.3.1/thumb/v7e-m+dp/hard/crtbegin.o
LOAD C:/ST/STM32CubeIDE_1.13.2/STM32CubeIDE/plugins/com.st.stm32cube.ide.mcu.externaltools.gnu-tools-for-stm32.12.3.rel1.win32_1.0.200.202406191623/tools/bin/../lib/gcc/arm-none-eabi/12.3.1/../../../../arm-none-eabi/lib/thumb/v7e-m+dp/hard/crt0.o
LOAD ./Core/Src/main.o
LOAD ./Core/Src/stm32h7xx_hal_msp.o
LOAD ./Core/Src/stm32h7xx_it.o
LOAD ./Core/Src/syscalls.o
LOAD ./Core/Src/sysmem.o
LOAD ./Core/Src/system_stm32h7xx.o
LOAD ./Core/Startup/startup_stm32h753vitx.o
LOAD ./Drivers/STM32H7xx_HAL_Driver/Src/stm32h7xx_hal.o
LOAD ./Drivers/STM32H7xx_HAL_Driver/Src/stm32h7xx_hal_cortex.o
LOAD ./Drivers/STM32H7xx_HAL_Driver/Src/stm32h7xx_hal_dma.o
LOAD ./Drivers/STM32H7xx_HAL_Driver/Src/stm32h7xx_hal_dma_ex.o
LOAD ./Drivers/STM32H7xx_HAL_Driver/Src/stm32h7xx_hal_eth.o
LOAD ./Drivers/STM32H7xx_HAL_Driver/Src/stm32h7xx_hal_eth_ex.o
LOAD ./Drivers/STM32H7xx_HAL_Driver/Src/stm32h7xx_hal_exti.o
LOAD ./Drivers/STM32H7xx_HAL_Driver/Src/stm32h7xx_hal_flash.o
LOAD ./Drivers/STM32H7xx_HAL_Driver/Src/stm32h7xx_hal_flash_ex.o
LOAD ./Drivers/STM32H7xx_HAL_Driver/Src/stm32h7xx_hal_gpio.o
LOAD ./Drivers/STM32H7xx_HAL_Driver/Src/stm32h7xx_hal_hsem.o
LOAD ./Drivers/STM32H7xx_HAL_Driver/Src/stm32h7xx_hal_i2c.o
LOAD ./Drivers/STM32H7xx_HAL_Driver/Src/stm32h7xx_hal_i2c_ex.o
LOAD ./Drivers/STM32H7xx_HAL_Driver/Src/stm32h7xx_hal_mdma.o
LOAD ./Drivers/STM32H7xx_HAL_Driver/Src/stm32h7xx_hal_pwr.o
LOAD ./Drivers/STM32H7xx_HAL_Driver/Src/stm32h7xx_hal_pwr_ex.o
LOAD ./Drivers/STM32H7xx_HAL_Driver/Src/stm32h7xx_hal_rcc.o
LOAD ./Drivers/STM32H7xx_HAL_Driver/Src/stm32h7xx_hal_rcc_ex.o
LOAD ./Drivers/STM32H7xx_HAL_Driver/Src/stm32h7xx_hal_spi.o
LOAD ./Drivers/STM32H7xx_HAL_Driver/Src/stm32h7xx_hal_spi_ex.o
LOAD ./Drivers/STM32H7xx_HAL_Driver/Src/stm32h7xx_hal_tim.o
LOAD ./Drivers/STM32H7xx_HAL_Driver/Src/stm32h7xx_hal_tim_ex.o
LOAD ./Drivers/STM32H7xx_HAL_Driver/Src/stm32h7xx_hal_uart.o
LOAD ./Drivers/STM32H7xx_HAL_Driver/Src/stm32h7xx_hal_uart_ex.o
START GROUP
LOAD C:/ST/STM32CubeIDE_1.13.2/STM32CubeIDE/plugins/com.st.stm32cube.ide.mcu.externaltools.gnu-tools-for-stm32.12.3.rel1.win32_1.0.200.202406191623/tools/bin/../lib/gcc/arm-none-eabi/12.3.1/../../../../arm-none-eabi/lib/thumb/v7e-m+dp/hard\libc_nano.a
LOAD C:/ST/STM32CubeIDE_1.13.2/STM32CubeIDE/plugins/com.st.stm32cube.ide.mcu.externaltools.gnu-tools-for-stm32.12.3.rel1.win32_1.0.200.202406191623/tools/bin/../lib/gcc/arm-none-eabi/12.3.1/../../../../arm-none-eabi/lib/thumb/v7e-m+dp/hard\libm.a
END GROUP
START GROUP
LOAD C:/ST/STM32CubeIDE_1.13.2/STM32CubeIDE/plugins/com.st.stm32cube.ide.mcu.externaltools.gnu-tools-for-stm32.12.3.rel1.win32_1.0.200.202406191623/tools/bin/../lib/gcc/arm-none-eabi/12.3.1/thumb/v7e-m+dp/hard\libgcc.a
LOAD C:/ST/STM32CubeIDE_1.13.2/STM32CubeIDE/plugins/com.st.stm32cube.ide.mcu.externaltools.gnu-tools-for-stm32.12.3.rel1.win32_1.0.200.202406191623/tools/bin/../lib/gcc/arm-none-eabi/12.3.1/../../../../arm-none-eabi/lib/thumb/v7e-m+dp/hard\libc_nano.a
END GROUP
START GROUP
LOAD C:/ST/STM32CubeIDE_1.13.2/STM32CubeIDE/plugins/com.st.stm32cube.ide.mcu.externaltools.gnu-tools-for-stm32.12.3.rel1.win32_1.0.200.202406191623/tools/bin/../lib/gcc/arm-none-eabi/12.3.1/thumb/v7e-m+dp/hard\libgcc.a
LOAD C:/ST/STM32CubeIDE_1.13.2/STM32CubeIDE/plugins/com.st.stm32cube.ide.mcu.externaltools.gnu-tools-for-stm32.12.3.rel1.win32_1.0.200.202406191623/tools/bin/../lib/gcc/arm-none-eabi/12.3.1/../../../../arm-none-eabi/lib/thumb/v7e-m+dp/hard\libc_nano.a
LOAD C:/ST/STM32CubeIDE_1.13.2/STM32CubeIDE/plugins/com.st.stm32cube.ide.mcu.externaltools.gnu-tools-for-stm32.12.3.rel1.win32_1.0.200.202406191623/tools/bin/../lib/gcc/arm-none-eabi/12.3.1/../../../../arm-none-eabi/lib/thumb/v7e-m+dp/hard\libnosys.a
END GROUP
START GROUP
LOAD C:/ST/STM32CubeIDE_1.13.2/STM32CubeIDE/plugins/com.st.stm32cube.ide.mcu.externaltools.gnu-tools-for-stm32.12.3.rel1.win32_1.0.200.202406191623/tools/bin/../lib/gcc/arm-none-eabi/12.3.1/thumb/v7e-m+dp/hard\libgcc.a
LOAD C:/ST/STM32CubeIDE_1.13.2/STM32CubeIDE/plugins/com.st.stm32cube.ide.mcu.externaltools.gnu-tools-for-stm32.12.3.rel1.win32_1.0.200.202406191623/tools/bin/../lib/gcc/arm-none-eabi/12.3.1/../../../../arm-none-eabi/lib/thumb/v7e-m+dp/hard\libc_nano.a
LOAD C:/ST/STM32CubeIDE_1.13.2/STM32CubeIDE/plugins/com.st.stm32cube.ide.mcu.externaltools.gnu-tools-for-stm32.12.3.rel1.win32_1.0.200.202406191623/tools/bin/../lib/gcc/arm-none-eabi/12.3.1/../../../../arm-none-eabi/lib/thumb/v7e-m+dp/hard\libnosys.a
END GROUP
LOAD C:/ST/STM32CubeIDE_1.13.2/STM32CubeIDE/plugins/com.st.stm32cube.ide.mcu.externaltools.gnu-tools-for-stm32.12.3.rel1.win32_1.0.200.202406191623/tools/bin/../lib/gcc/arm-none-eabi/12.3.1/thumb/v7e-m+dp/hard/crtend.o
LOAD C:/ST/STM32CubeIDE_1.13.2/STM32CubeIDE/plugins/com.st.stm32cube.ide.mcu.externaltools.gnu-tools-for-stm32.12.3.rel1.win32_1.0.200.202406191623/tools/bin/../lib/gcc/arm-none-eabi/12.3.1/thumb/v7e-m+dp/hard/crtn.o
                0x24080000                        _estack = (ORIGIN (RAM_D1) + LENGTH (RAM_D1))
                0x00000200                        _Min_Heap_Size = 0x200
                0x00000400                        _Min_Stack_Size = 0x400

.isr_vector     0x08000000      0x298
                0x08000000                        . = ALIGN (0x4)
 *(.isr_vector)
 .isr_vector    0x08000000      0x298 ./Core/Startup/startup_stm32h753vitx.o
                0x08000000                g_pfnVectors
                0x08000298                        . = ALIGN (0x4)

.text           0x08000298     0x64ac
                0x08000298                        . = ALIGN (0x4)
 *(.text)
 .text          0x08000298       0x40 C:/ST/STM32CubeIDE_1.13.2/STM32CubeIDE/plugins/com.st.stm32cube.ide.mcu.externaltools.gnu-tools-for-stm32.12.3.rel1.win32_1.0.200.202406191623/tools/bin/../lib/gcc/arm-none-eabi/12.3.1/thumb/v7e-m+dp/hard/crtbegin.o
 .text          0x080002d8       0x30 C:/ST/STM32CubeIDE_1.13.2/STM32CubeIDE/plugins/com.st.stm32cube.ide.mcu.externaltools.gnu-tools-for-stm32.12.3.rel1.win32_1.0.200.202406191623/tools/bin/../lib/gcc/arm-none-eabi/12.3.1/thumb/v7e-m+dp/hard\libgcc.a(_aeabi_uldivmod.o)
                0x080002d8                __aeabi_uldivmod
 .text          0x08000308      0x2bc C:/ST/STM32CubeIDE_1.13.2/STM32CubeIDE/plugins/com.st.stm32cube.ide.mcu.externaltools.gnu-tools-for-stm32.12.3.rel1.win32_1.0.200.202406191623/tools/bin/../lib/gcc/arm-none-eabi/12.3.1/thumb/v7e-m+dp/hard\libgcc.a(_udivmoddi4.o)
                0x08000308                __udivmoddi4
 .text          0x080005c4        0x4 C:/ST/STM32CubeIDE_1.13.2/STM32CubeIDE/plugins/com.st.stm32cube.ide.mcu.externaltools.gnu-tools-for-stm32.12.3.rel1.win32_1.0.200.202406191623/tools/bin/../lib/gcc/arm-none-eabi/12.3.1/thumb/v7e-m+dp/hard\libgcc.a(_dvmd_tls.o)
                0x080005c4                __aeabi_idiv0
                0x080005c4                __aeabi_ldiv0
 *(.text*)
 .text.main     0x080005c8       0xfc ./Core/Src/main.o
                0x080005c8                main
 .text.SystemClock_Config
                0x080006c4      0x15c ./Core/Src/main.o
                0x080006c4                SystemClock_Config
 .text.PeriphCommonClock_Config
                0x08000820       0x5e ./Core/Src/main.o
                0x08000820                PeriphCommonClock_Config
 *fill*         0x0800087e        0x2 
 .text.MX_ETH_Init
                0x08000880       0x98 ./Core/Src/main.o
 .text.MX_SPI1_Init
                0x08000918       0xac ./Core/Src/main.o
 .text.MX_SPI2_Init
                0x080009c4       0xac ./Core/Src/main.o
 .text.MX_SPI3_Init
                0x08000a70       0xac ./Core/Src/main.o
 .text.MX_USART3_UART_Init
                0x08000b1c       0x98 ./Core/Src/main.o
 .text.MX_GPIO_Init
                0x08000bb4       0xac ./Core/Src/main.o
 .text.MPU_Config
                0x08000c60       0x5a ./Core/Src/main.o
 .text.Error_Handler
                0x08000cba        0xc ./Core/Src/main.o
                0x08000cba                Error_Handler
 *fill*         0x08000cc6        0x2 
 .text.HAL_MspInit
                0x08000cc8       0x34 ./Core/Src/stm32h7xx_hal_msp.o
                0x08000cc8                HAL_MspInit
 .text.HAL_ETH_MspInit
                0x08000cfc      0x178 ./Core/Src/stm32h7xx_hal_msp.o
                0x08000cfc                HAL_ETH_MspInit
 .text.HAL_SPI_MspInit
                0x08000e74      0x234 ./Core/Src/stm32h7xx_hal_msp.o
                0x08000e74                HAL_SPI_MspInit
 .text.HAL_UART_MspInit
                0x080010a8       0xd4 ./Core/Src/stm32h7xx_hal_msp.o
                0x080010a8                HAL_UART_MspInit
 .text.NMI_Handler
                0x0800117c        0x8 ./Core/Src/stm32h7xx_it.o
                0x0800117c                NMI_Handler
 .text.HardFault_Handler
                0x08001184        0x8 ./Core/Src/stm32h7xx_it.o
                0x08001184                HardFault_Handler
 .text.MemManage_Handler
                0x0800118c        0x8 ./Core/Src/stm32h7xx_it.o
                0x0800118c                MemManage_Handler
 .text.BusFault_Handler
                0x08001194        0x8 ./Core/Src/stm32h7xx_it.o
                0x08001194                BusFault_Handler
 .text.UsageFault_Handler
                0x0800119c        0x8 ./Core/Src/stm32h7xx_it.o
                0x0800119c                UsageFault_Handler
 .text.SVC_Handler
                0x080011a4        0xe ./Core/Src/stm32h7xx_it.o
                0x080011a4                SVC_Handler
 .text.DebugMon_Handler
                0x080011b2        0xe ./Core/Src/stm32h7xx_it.o
                0x080011b2                DebugMon_Handler
 .text.PendSV_Handler
                0x080011c0        0xe ./Core/Src/stm32h7xx_it.o
                0x080011c0                PendSV_Handler
 .text.SysTick_Handler
                0x080011ce        0xc ./Core/Src/stm32h7xx_it.o
                0x080011ce                SysTick_Handler
 *fill*         0x080011da        0x2 
 .text.ETH_IRQHandler
                0x080011dc       0x14 ./Core/Src/stm32h7xx_it.o
                0x080011dc                ETH_IRQHandler
 .text.ETH_WKUP_IRQHandler
                0x080011f0       0x14 ./Core/Src/stm32h7xx_it.o
                0x080011f0                ETH_WKUP_IRQHandler
 .text.SystemInit
                0x08001204      0x110 ./Core/Src/system_stm32h7xx.o
                0x08001204                SystemInit
 .text.Reset_Handler
                0x08001314       0x50 ./Core/Startup/startup_stm32h753vitx.o
                0x08001314                Reset_Handler
 .text.Default_Handler
                0x08001364        0x2 ./Core/Startup/startup_stm32h753vitx.o
                0x08001364                RTC_Alarm_IRQHandler
                0x08001364                HASH_RNG_IRQHandler
                0x08001364                EXTI2_IRQHandler
                0x08001364                TIM8_CC_IRQHandler
                0x08001364                HRTIM1_Master_IRQHandler
                0x08001364                UART8_IRQHandler
                0x08001364                SPI4_IRQHandler
                0x08001364                TIM1_CC_IRQHandler
                0x08001364                BDMA_Channel6_IRQHandler
                0x08001364                DMA2_Stream5_IRQHandler
                0x08001364                HRTIM1_FLT_IRQHandler
                0x08001364                JPEG_IRQHandler
                0x08001364                DMA1_Stream5_IRQHandler
                0x08001364                BDMA_Channel1_IRQHandler
                0x08001364                HRTIM1_TIMD_IRQHandler
                0x08001364                TAMP_STAMP_IRQHandler
                0x08001364                EXTI3_IRQHandler
                0x08001364                LPTIM4_IRQHandler
                0x08001364                TIM8_TRG_COM_TIM14_IRQHandler
                0x08001364                LPTIM2_IRQHandler
                0x08001364                DFSDM1_FLT1_IRQHandler
                0x08001364                DMAMUX2_OVR_IRQHandler
                0x08001364                TIM8_UP_TIM13_IRQHandler
                0x08001364                I2C3_ER_IRQHandler
                0x08001364                DFSDM1_FLT2_IRQHandler
                0x08001364                MDMA_IRQHandler
                0x08001364                LPTIM3_IRQHandler
                0x08001364                HSEM1_IRQHandler
                0x08001364                EXTI0_IRQHandler
                0x08001364                I2C2_EV_IRQHandler
                0x08001364                DMA1_Stream2_IRQHandler
                0x08001364                FPU_IRQHandler
                0x08001364                OTG_HS_WKUP_IRQHandler
                0x08001364                FDCAN1_IT1_IRQHandler
                0x08001364                LTDC_ER_IRQHandler
                0x08001364                DMA2_Stream2_IRQHandler
                0x08001364                HRTIM1_TIME_IRQHandler
                0x08001364                SPI1_IRQHandler
                0x08001364                TIM6_DAC_IRQHandler
                0x08001364                DCMI_IRQHandler
                0x08001364                HRTIM1_TIMC_IRQHandler
                0x08001364                DMA2_Stream3_IRQHandler
                0x08001364                SAI2_IRQHandler
                0x08001364                DFSDM1_FLT3_IRQHandler
                0x08001364                USART6_IRQHandler
                0x08001364                TIM17_IRQHandler
                0x08001364                USART3_IRQHandler
                0x08001364                BDMA_Channel7_IRQHandler
                0x08001364                CRYP_IRQHandler
                0x08001364                LPTIM5_IRQHandler
                0x08001364                UART5_IRQHandler
                0x08001364                ADC3_IRQHandler
                0x08001364                DMA2_Stream0_IRQHandler
                0x08001364                TIM4_IRQHandler
                0x08001364                BDMA_Channel2_IRQHandler
                0x08001364                QUADSPI_IRQHandler
                0x08001364                I2C1_EV_IRQHandler
                0x08001364                DMA1_Stream6_IRQHandler
                0x08001364                DMAMUX1_OVR_IRQHandler
                0x08001364                DMA1_Stream1_IRQHandler
                0x08001364                TIM16_IRQHandler
                0x08001364                UART4_IRQHandler
                0x08001364                BDMA_Channel5_IRQHandler
                0x08001364                TIM3_IRQHandler
                0x08001364                RCC_IRQHandler
                0x08001364                TIM8_BRK_TIM12_IRQHandler
                0x08001364                TIM1_TRG_COM_IRQHandler
                0x08001364                Default_Handler
                0x08001364                ECC_IRQHandler
                0x08001364                CEC_IRQHandler
                0x08001364                EXTI15_10_IRQHandler
                0x08001364                BDMA_Channel0_IRQHandler
                0x08001364                ADC_IRQHandler
                0x08001364                DMA1_Stream7_IRQHandler
                0x08001364                HRTIM1_TIMA_IRQHandler
                0x08001364                SPI5_IRQHandler
                0x08001364                TIM7_IRQHandler
                0x08001364                SDMMC1_IRQHandler
                0x08001364                TIM5_IRQHandler
                0x08001364                DMA2_Stream7_IRQHandler
                0x08001364                TIM15_IRQHandler
                0x08001364                PVD_AVD_IRQHandler
                0x08001364                I2C3_EV_IRQHandler
                0x08001364                EXTI9_5_IRQHandler
                0x08001364                RTC_WKUP_IRQHandler
                0x08001364                LTDC_IRQHandler
                0x08001364                SAI3_IRQHandler
                0x08001364                SPDIF_RX_IRQHandler
                0x08001364                SPI2_IRQHandler
                0x08001364                OTG_HS_EP1_IN_IRQHandler
                0x08001364                DMA1_Stream0_IRQHandler
                0x08001364                CRS_IRQHandler
                0x08001364                EXTI4_IRQHandler
                0x08001364                HRTIM1_TIMB_IRQHandler
                0x08001364                FDCAN2_IT1_IRQHandler
                0x08001364                TIM1_UP_IRQHandler
                0x08001364                BDMA_Channel4_IRQHandler
                0x08001364                OTG_HS_EP1_OUT_IRQHandler
                0x08001364                WWDG_IRQHandler
                0x08001364                SPI6_IRQHandler
                0x08001364                MDIOS_IRQHandler
                0x08001364                I2C4_EV_IRQHandler
                0x08001364                FDCAN2_IT0_IRQHandler
                0x08001364                LPUART1_IRQHandler
                0x08001364                FDCAN1_IT0_IRQHandler
                0x08001364                TIM2_IRQHandler
                0x08001364                OTG_FS_WKUP_IRQHandler
                0x08001364                OTG_HS_IRQHandler
                0x08001364                DMA2D_IRQHandler
                0x08001364                TIM1_BRK_IRQHandler
                0x08001364                EXTI1_IRQHandler
                0x08001364                SDMMC2_IRQHandler
                0x08001364                OTG_FS_EP1_OUT_IRQHandler
                0x08001364                BDMA_Channel3_IRQHandler
                0x08001364                UART7_IRQHandler
                0x08001364                MDIOS_WKUP_IRQHandler
                0x08001364                USART2_IRQHandler
                0x08001364                DFSDM1_FLT0_IRQHandler
                0x08001364                SAI4_IRQHandler
                0x08001364                I2C2_ER_IRQHandler
                0x08001364                DMA2_Stream1_IRQHandler
                0x08001364                FLASH_IRQHandler
                0x08001364                DMA2_Stream4_IRQHandler
                0x08001364                USART1_IRQHandler
                0x08001364                OTG_FS_IRQHandler
                0x08001364                SPI3_IRQHandler
                0x08001364                WAKEUP_PIN_IRQHandler
                0x08001364                DMA1_Stream4_IRQHandler
                0x08001364                OTG_FS_EP1_IN_IRQHandler
                0x08001364                I2C1_ER_IRQHandler
                0x08001364                FMC_IRQHandler
                0x08001364                FDCAN_CAL_IRQHandler
                0x08001364                SWPMI1_IRQHandler
                0x08001364                COMP1_IRQHandler
                0x08001364                LPTIM1_IRQHandler
                0x08001364                I2C4_ER_IRQHandler
                0x08001364                DMA2_Stream6_IRQHandler
                0x08001364                SAI1_IRQHandler
                0x08001364                DMA1_Stream3_IRQHandler
 *fill*         0x08001366        0x2 
 .text.HAL_Init
                0x08001368       0x78 ./Drivers/STM32H7xx_HAL_Driver/Src/stm32h7xx_hal.o
                0x08001368                HAL_Init
 .text.HAL_InitTick
                0x080013e0       0x6c ./Drivers/STM32H7xx_HAL_Driver/Src/stm32h7xx_hal.o
                0x080013e0                HAL_InitTick
 .text.HAL_IncTick
                0x0800144c       0x28 ./Drivers/STM32H7xx_HAL_Driver/Src/stm32h7xx_hal.o
                0x0800144c                HAL_IncTick
 .text.HAL_GetTick
                0x08001474       0x18 ./Drivers/STM32H7xx_HAL_Driver/Src/stm32h7xx_hal.o
                0x08001474                HAL_GetTick
 .text.HAL_GetREVID
                0x0800148c       0x18 ./Drivers/STM32H7xx_HAL_Driver/Src/stm32h7xx_hal.o
                0x0800148c                HAL_GetREVID
 .text.HAL_SYSCFG_ETHInterfaceSelect
                0x080014a4       0x28 ./Drivers/STM32H7xx_HAL_Driver/Src/stm32h7xx_hal.o
                0x080014a4                HAL_SYSCFG_ETHInterfaceSelect
 .text.__NVIC_SetPriorityGrouping
                0x080014cc       0x48 ./Drivers/STM32H7xx_HAL_Driver/Src/stm32h7xx_hal_cortex.o
 .text.__NVIC_GetPriorityGrouping
                0x08001514       0x1c ./Drivers/STM32H7xx_HAL_Driver/Src/stm32h7xx_hal_cortex.o
 .text.__NVIC_EnableIRQ
                0x08001530       0x3c ./Drivers/STM32H7xx_HAL_Driver/Src/stm32h7xx_hal_cortex.o
 .text.__NVIC_SetPriority
                0x0800156c       0x54 ./Drivers/STM32H7xx_HAL_Driver/Src/stm32h7xx_hal_cortex.o
 .text.NVIC_EncodePriority
                0x080015c0       0x66 ./Drivers/STM32H7xx_HAL_Driver/Src/stm32h7xx_hal_cortex.o
 *fill*         0x08001626        0x2 
 .text.SysTick_Config
                0x08001628       0x44 ./Drivers/STM32H7xx_HAL_Driver/Src/stm32h7xx_hal_cortex.o
 .text.HAL_NVIC_SetPriorityGrouping
                0x0800166c       0x16 ./Drivers/STM32H7xx_HAL_Driver/Src/stm32h7xx_hal_cortex.o
                0x0800166c                HAL_NVIC_SetPriorityGrouping
 .text.HAL_NVIC_SetPriority
                0x08001682       0x34 ./Drivers/STM32H7xx_HAL_Driver/Src/stm32h7xx_hal_cortex.o
                0x08001682                HAL_NVIC_SetPriority
 .text.HAL_NVIC_EnableIRQ
                0x080016b6       0x1c ./Drivers/STM32H7xx_HAL_Driver/Src/stm32h7xx_hal_cortex.o
                0x080016b6                HAL_NVIC_EnableIRQ
 .text.HAL_SYSTICK_Config
                0x080016d2       0x18 ./Drivers/STM32H7xx_HAL_Driver/Src/stm32h7xx_hal_cortex.o
                0x080016d2                HAL_SYSTICK_Config
 *fill*         0x080016ea        0x2 
 .text.HAL_MPU_Disable
                0x080016ec       0x30 ./Drivers/STM32H7xx_HAL_Driver/Src/stm32h7xx_hal_cortex.o
                0x080016ec                HAL_MPU_Disable
 .text.HAL_MPU_Enable
                0x0800171c       0x40 ./Drivers/STM32H7xx_HAL_Driver/Src/stm32h7xx_hal_cortex.o
                0x0800171c                HAL_MPU_Enable
 .text.HAL_MPU_ConfigRegion
                0x0800175c       0x80 ./Drivers/STM32H7xx_HAL_Driver/Src/stm32h7xx_hal_cortex.o
                0x0800175c                HAL_MPU_ConfigRegion
 .text.HAL_ETH_Init
                0x080017dc      0x1fc ./Drivers/STM32H7xx_HAL_Driver/Src/stm32h7xx_hal_eth.o
                0x080017dc                HAL_ETH_Init
 .text.HAL_ETH_IRQHandler
                0x080019d8      0x1e8 ./Drivers/STM32H7xx_HAL_Driver/Src/stm32h7xx_hal_eth.o
                0x080019d8                HAL_ETH_IRQHandler
 .text.HAL_ETH_TxCpltCallback
                0x08001bc0       0x14 ./Drivers/STM32H7xx_HAL_Driver/Src/stm32h7xx_hal_eth.o
                0x08001bc0                HAL_ETH_TxCpltCallback
 .text.HAL_ETH_RxCpltCallback
                0x08001bd4       0x14 ./Drivers/STM32H7xx_HAL_Driver/Src/stm32h7xx_hal_eth.o
                0x08001bd4                HAL_ETH_RxCpltCallback
 .text.HAL_ETH_ErrorCallback
                0x08001be8       0x14 ./Drivers/STM32H7xx_HAL_Driver/Src/stm32h7xx_hal_eth.o
                0x08001be8                HAL_ETH_ErrorCallback
 .text.HAL_ETH_PMTCallback
                0x08001bfc       0x14 ./Drivers/STM32H7xx_HAL_Driver/Src/stm32h7xx_hal_eth.o
                0x08001bfc                HAL_ETH_PMTCallback
 .text.HAL_ETH_EEECallback
                0x08001c10       0x14 ./Drivers/STM32H7xx_HAL_Driver/Src/stm32h7xx_hal_eth.o
                0x08001c10                HAL_ETH_EEECallback
 .text.HAL_ETH_WakeUpCallback
                0x08001c24       0x14 ./Drivers/STM32H7xx_HAL_Driver/Src/stm32h7xx_hal_eth.o
                0x08001c24                HAL_ETH_WakeUpCallback
 .text.HAL_ETH_SetMDIOClockRange
                0x08001c38       0xa0 ./Drivers/STM32H7xx_HAL_Driver/Src/stm32h7xx_hal_eth.o
                0x08001c38                HAL_ETH_SetMDIOClockRange
 .text.ETH_SetMACConfig
                0x08001cd8      0x238 ./Drivers/STM32H7xx_HAL_Driver/Src/stm32h7xx_hal_eth.o
 .text.ETH_SetDMAConfig
                0x08001f10      0x10c ./Drivers/STM32H7xx_HAL_Driver/Src/stm32h7xx_hal_eth.o
 .text.ETH_MACDMAConfig
                0x0800201c      0x13a ./Drivers/STM32H7xx_HAL_Driver/Src/stm32h7xx_hal_eth.o
 .text.ETH_DMATxDescListInit
                0x08002156       0x92 ./Drivers/STM32H7xx_HAL_Driver/Src/stm32h7xx_hal_eth.o
 .text.ETH_DMARxDescListInit
                0x080021e8       0xba ./Drivers/STM32H7xx_HAL_Driver/Src/stm32h7xx_hal_eth.o
 *fill*         0x080022a2        0x2 
 .text.HAL_GPIO_Init
                0x080022a4      0x360 ./Drivers/STM32H7xx_HAL_Driver/Src/stm32h7xx_hal_gpio.o
                0x080022a4                HAL_GPIO_Init
 .text.HAL_PWREx_ConfigSupply
                0x08002604       0x74 ./Drivers/STM32H7xx_HAL_Driver/Src/stm32h7xx_hal_pwr_ex.o
                0x08002604                HAL_PWREx_ConfigSupply
 .text.HAL_RCC_OscConfig
                0x08002678      0x8b4 ./Drivers/STM32H7xx_HAL_Driver/Src/stm32h7xx_hal_rcc.o
                0x08002678                HAL_RCC_OscConfig
 .text.HAL_RCC_ClockConfig
                0x08002f2c      0x36c ./Drivers/STM32H7xx_HAL_Driver/Src/stm32h7xx_hal_rcc.o
                0x08002f2c                HAL_RCC_ClockConfig
 .text.HAL_RCC_GetSysClockFreq
                0x08003298      0x2f4 ./Drivers/STM32H7xx_HAL_Driver/Src/stm32h7xx_hal_rcc.o
                0x08003298                HAL_RCC_GetSysClockFreq
 .text.HAL_RCC_GetHCLKFreq
                0x0800358c       0x60 ./Drivers/STM32H7xx_HAL_Driver/Src/stm32h7xx_hal_rcc.o
                0x0800358c                HAL_RCC_GetHCLKFreq
 .text.HAL_RCC_GetPCLK1Freq
                0x080035ec       0x2c ./Drivers/STM32H7xx_HAL_Driver/Src/stm32h7xx_hal_rcc.o
                0x080035ec                HAL_RCC_GetPCLK1Freq
 .text.HAL_RCC_GetPCLK2Freq
                0x08003618       0x2c ./Drivers/STM32H7xx_HAL_Driver/Src/stm32h7xx_hal_rcc.o
                0x08003618                HAL_RCC_GetPCLK2Freq
 .text.HAL_RCCEx_PeriphCLKConfig
                0x08003644     0x1414 ./Drivers/STM32H7xx_HAL_Driver/Src/stm32h7xx_hal_rcc_ex.o
                0x08003644                HAL_RCCEx_PeriphCLKConfig
 .text.HAL_RCCEx_GetD3PCLK1Freq
                0x08004a58       0x2c ./Drivers/STM32H7xx_HAL_Driver/Src/stm32h7xx_hal_rcc_ex.o
                0x08004a58                HAL_RCCEx_GetD3PCLK1Freq
 .text.HAL_RCCEx_GetPLL2ClockFreq
                0x08004a84      0x2a8 ./Drivers/STM32H7xx_HAL_Driver/Src/stm32h7xx_hal_rcc_ex.o
                0x08004a84                HAL_RCCEx_GetPLL2ClockFreq
 .text.HAL_RCCEx_GetPLL3ClockFreq
                0x08004d2c      0x2a8 ./Drivers/STM32H7xx_HAL_Driver/Src/stm32h7xx_hal_rcc_ex.o
                0x08004d2c                HAL_RCCEx_GetPLL3ClockFreq
 .text.RCCEx_PLL2_Config
                0x08004fd4      0x164 ./Drivers/STM32H7xx_HAL_Driver/Src/stm32h7xx_hal_rcc_ex.o
 .text.RCCEx_PLL3_Config
                0x08005138      0x164 ./Drivers/STM32H7xx_HAL_Driver/Src/stm32h7xx_hal_rcc_ex.o
 .text.HAL_SPI_Init
                0x0800529c      0x248 ./Drivers/STM32H7xx_HAL_Driver/Src/stm32h7xx_hal_spi.o
                0x0800529c                HAL_SPI_Init
 .text.SPI_GetPacketSize
                0x080054e4       0x36 ./Drivers/STM32H7xx_HAL_Driver/Src/stm32h7xx_hal_spi.o
 .text.HAL_UART_Init
                0x0800551a       0xa0 ./Drivers/STM32H7xx_HAL_Driver/Src/stm32h7xx_hal_uart.o
                0x0800551a                HAL_UART_Init
 *fill*         0x080055ba        0x2 
 .text.UART_SetConfig
                0x080055bc      0xad0 ./Drivers/STM32H7xx_HAL_Driver/Src/stm32h7xx_hal_uart.o
                0x080055bc                UART_SetConfig
 .text.UART_AdvFeatureConfig
                0x0800608c      0x144 ./Drivers/STM32H7xx_HAL_Driver/Src/stm32h7xx_hal_uart.o
                0x0800608c                UART_AdvFeatureConfig
 .text.UART_CheckIdleState
                0x080061d0      0x154 ./Drivers/STM32H7xx_HAL_Driver/Src/stm32h7xx_hal_uart.o
                0x080061d0                UART_CheckIdleState
 .text.UART_WaitOnFlagUntilTimeout
                0x08006324       0xda ./Drivers/STM32H7xx_HAL_Driver/Src/stm32h7xx_hal_uart.o
                0x08006324                UART_WaitOnFlagUntilTimeout
 *fill*         0x080063fe        0x2 
 .text.UART_EndRxTransfer
                0x08006400       0xcc ./Drivers/STM32H7xx_HAL_Driver/Src/stm32h7xx_hal_uart.o
 .text.HAL_UARTEx_DisableFifoMode
                0x080064cc       0x72 ./Drivers/STM32H7xx_HAL_Driver/Src/stm32h7xx_hal_uart_ex.o
                0x080064cc                HAL_UARTEx_DisableFifoMode
 .text.HAL_UARTEx_SetTxFifoThreshold
                0x0800653e       0x7c ./Drivers/STM32H7xx_HAL_Driver/Src/stm32h7xx_hal_uart_ex.o
                0x0800653e                HAL_UARTEx_SetTxFifoThreshold
 .text.HAL_UARTEx_SetRxFifoThreshold
                0x080065ba       0x7c ./Drivers/STM32H7xx_HAL_Driver/Src/stm32h7xx_hal_uart_ex.o
                0x080065ba                HAL_UARTEx_SetRxFifoThreshold
 *fill*         0x08006636        0x2 
 .text.UARTEx_SetNbDataToProcess
                0x08006638       0x9c ./Drivers/STM32H7xx_HAL_Driver/Src/stm32h7xx_hal_uart_ex.o
 .text.memset   0x080066d4       0x10 C:/ST/STM32CubeIDE_1.13.2/STM32CubeIDE/plugins/com.st.stm32cube.ide.mcu.externaltools.gnu-tools-for-stm32.12.3.rel1.win32_1.0.200.202406191623/tools/bin/../lib/gcc/arm-none-eabi/12.3.1/../../../../arm-none-eabi/lib/thumb/v7e-m+dp/hard\libc_nano.a(libc_a-memset.o)
                0x080066d4                memset
 .text.__libc_init_array
                0x080066e4       0x48 C:/ST/STM32CubeIDE_1.13.2/STM32CubeIDE/plugins/com.st.stm32cube.ide.mcu.externaltools.gnu-tools-for-stm32.12.3.rel1.win32_1.0.200.202406191623/tools/bin/../lib/gcc/arm-none-eabi/12.3.1/../../../../arm-none-eabi/lib/thumb/v7e-m+dp/hard\libc_nano.a(libc_a-init.o)
                0x080066e4                __libc_init_array
 *(.glue_7)
 .glue_7        0x0800672c        0x0 linker stubs
 *(.glue_7t)
 .glue_7t       0x0800672c        0x0 linker stubs
 *(.eh_frame)
 .eh_frame      0x0800672c        0x0 C:/ST/STM32CubeIDE_1.13.2/STM32CubeIDE/plugins/com.st.stm32cube.ide.mcu.externaltools.gnu-tools-for-stm32.12.3.rel1.win32_1.0.200.202406191623/tools/bin/../lib/gcc/arm-none-eabi/12.3.1/thumb/v7e-m+dp/hard/crtbegin.o
 *(.init)
 .init          0x0800672c        0x4 C:/ST/STM32CubeIDE_1.13.2/STM32CubeIDE/plugins/com.st.stm32cube.ide.mcu.externaltools.gnu-tools-for-stm32.12.3.rel1.win32_1.0.200.202406191623/tools/bin/../lib/gcc/arm-none-eabi/12.3.1/thumb/v7e-m+dp/hard/crti.o
                0x0800672c                _init
 .init          0x08006730        0x8 C:/ST/STM32CubeIDE_1.13.2/STM32CubeIDE/plugins/com.st.stm32cube.ide.mcu.externaltools.gnu-tools-for-stm32.12.3.rel1.win32_1.0.200.202406191623/tools/bin/../lib/gcc/arm-none-eabi/12.3.1/thumb/v7e-m+dp/hard/crtn.o
 *(.fini)
 .fini          0x08006738        0x4 C:/ST/STM32CubeIDE_1.13.2/STM32CubeIDE/plugins/com.st.stm32cube.ide.mcu.externaltools.gnu-tools-for-stm32.12.3.rel1.win32_1.0.200.202406191623/tools/bin/../lib/gcc/arm-none-eabi/12.3.1/thumb/v7e-m+dp/hard/crti.o
                0x08006738                _fini
 .fini          0x0800673c        0x8 C:/ST/STM32CubeIDE_1.13.2/STM32CubeIDE/plugins/com.st.stm32cube.ide.mcu.externaltools.gnu-tools-for-stm32.12.3.rel1.win32_1.0.200.202406191623/tools/bin/../lib/gcc/arm-none-eabi/12.3.1/thumb/v7e-m+dp/hard/crtn.o
                0x08006744                        . = ALIGN (0x4)
                0x08006744                        _etext = .

.vfp11_veneer   0x08006744        0x0
 .vfp11_veneer  0x08006744        0x0 linker stubs

.v4_bx          0x08006744        0x0
 .v4_bx         0x08006744        0x0 linker stubs

.iplt           0x08006744        0x0
 .iplt          0x08006744        0x0 C:/ST/STM32CubeIDE_1.13.2/STM32CubeIDE/plugins/com.st.stm32cube.ide.mcu.externaltools.gnu-tools-for-stm32.12.3.rel1.win32_1.0.200.202406191623/tools/bin/../lib/gcc/arm-none-eabi/12.3.1/thumb/v7e-m+dp/hard/crtbegin.o

.rodata         0x08006744       0x38
                0x08006744                        . = ALIGN (0x4)
 *(.rodata)
 *(.rodata*)
 .rodata.D1CorePrescTable
                0x08006744       0x10 ./Core/Src/system_stm32h7xx.o
                0x08006744                D1CorePrescTable
 .rodata.UARTPrescTable
                0x08006754       0x18 ./Drivers/STM32H7xx_HAL_Driver/Src/stm32h7xx_hal_uart.o
                0x08006754                UARTPrescTable
 .rodata.numerator.1
                0x0800676c        0x8 ./Drivers/STM32H7xx_HAL_Driver/Src/stm32h7xx_hal_uart_ex.o
 .rodata.denominator.0
                0x08006774        0x8 ./Drivers/STM32H7xx_HAL_Driver/Src/stm32h7xx_hal_uart_ex.o
                0x0800677c                        . = ALIGN (0x4)

.ARM.extab
 *(.ARM.extab* .gnu.linkonce.armextab.*)

.ARM            0x0800677c        0x8
                0x0800677c                        __exidx_start = .
 *(.ARM.exidx*)
 .ARM.exidx     0x0800677c        0x8 C:/ST/STM32CubeIDE_1.13.2/STM32CubeIDE/plugins/com.st.stm32cube.ide.mcu.externaltools.gnu-tools-for-stm32.12.3.rel1.win32_1.0.200.202406191623/tools/bin/../lib/gcc/arm-none-eabi/12.3.1/thumb/v7e-m+dp/hard\libgcc.a(_udivmoddi4.o)
                0x08006784                        __exidx_end = .

.preinit_array  0x08006784        0x0
                0x08006784                        PROVIDE (__preinit_array_start = .)
 *(.preinit_array*)
                0x08006784                        PROVIDE (__preinit_array_end = .)

.init_array     0x08006784        0x4
                0x08006784                        PROVIDE (__init_array_start = .)
 *(SORT_BY_NAME(.init_array.*))
 *(.init_array*)
 .init_array    0x08006784        0x4 C:/ST/STM32CubeIDE_1.13.2/STM32CubeIDE/plugins/com.st.stm32cube.ide.mcu.externaltools.gnu-tools-for-stm32.12.3.rel1.win32_1.0.200.202406191623/tools/bin/../lib/gcc/arm-none-eabi/12.3.1/thumb/v7e-m+dp/hard/crtbegin.o
                0x08006788                        PROVIDE (__init_array_end = .)

.fini_array     0x08006788        0x4
                [!provide]                        PROVIDE (__fini_array_start = .)
 *(SORT_BY_NAME(.fini_array.*))
 *(.fini_array*)
 .fini_array    0x08006788        0x4 C:/ST/STM32CubeIDE_1.13.2/STM32CubeIDE/plugins/com.st.stm32cube.ide.mcu.externaltools.gnu-tools-for-stm32.12.3.rel1.win32_1.0.200.202406191623/tools/bin/../lib/gcc/arm-none-eabi/12.3.1/thumb/v7e-m+dp/hard/crtbegin.o
                [!provide]                        PROVIDE (__fini_array_end = .)
                0x0800678c                        _sidata = LOADADDR (.data)

.rel.dyn        0x0800678c        0x0
 .rel.iplt      0x0800678c        0x0 C:/ST/STM32CubeIDE_1.13.2/STM32CubeIDE/plugins/com.st.stm32cube.ide.mcu.externaltools.gnu-tools-for-stm32.12.3.rel1.win32_1.0.200.202406191623/tools/bin/../lib/gcc/arm-none-eabi/12.3.1/thumb/v7e-m+dp/hard/crtbegin.o

.data           0x20000000       0x10 load address 0x0800678c
                0x20000000                        . = ALIGN (0x4)
                0x20000000                        _sdata = .
 *(.data)
 *(.data*)
 .data.SystemCoreClock
                0x20000000        0x4 ./Core/Src/system_stm32h7xx.o
                0x20000000                SystemCoreClock
 .data.SystemD2Clock
                0x20000004        0x4 ./Core/Src/system_stm32h7xx.o
                0x20000004                SystemD2Clock
 .data.uwTickPrio
                0x20000008        0x4 ./Drivers/STM32H7xx_HAL_Driver/Src/stm32h7xx_hal.o
                0x20000008                uwTickPrio
 .data.uwTickFreq
                0x2000000c        0x1 ./Drivers/STM32H7xx_HAL_Driver/Src/stm32h7xx_hal.o
                0x2000000c                uwTickFreq
 *(.RamFunc)
 *(.RamFunc*)
                0x20000010                        . = ALIGN (0x4)
 *fill*         0x2000000d        0x3 
                0x20000010                        _edata = .

.igot.plt       0x20000010        0x0 load address 0x0800679c
 .igot.plt      0x20000010        0x0 C:/ST/STM32CubeIDE_1.13.2/STM32CubeIDE/plugins/com.st.stm32cube.ide.mcu.externaltools.gnu-tools-for-stm32.12.3.rel1.win32_1.0.200.202406191623/tools/bin/../lib/gcc/arm-none-eabi/12.3.1/thumb/v7e-m+dp/hard/crtbegin.o

.RxDecripSection
                0x20000010       0x60 load address 0x0800679c
 .RxDecripSection
                0x20000010       0x60 ./Core/Src/main.o
                0x20000010                DMARxDscrTab

.TxDecripSection
                0x20000070       0x60 load address 0x080067fc
 .TxDecripSection
                0x20000070       0x60 ./Core/Src/main.o
                0x20000070                DMATxDscrTab
                0x200000d0                        . = ALIGN (0x4)

.bss            0x200000d0      0x33c load address 0x0800685c
                0x200000d0                        _sbss = .
                0x200000d0                        __bss_start__ = _sbss
 *(.bss)
 .bss           0x200000d0       0x1c C:/ST/STM32CubeIDE_1.13.2/STM32CubeIDE/plugins/com.st.stm32cube.ide.mcu.externaltools.gnu-tools-for-stm32.12.3.rel1.win32_1.0.200.202406191623/tools/bin/../lib/gcc/arm-none-eabi/12.3.1/thumb/v7e-m+dp/hard/crtbegin.o
 *(.bss*)
 .bss.TxConfig  0x200000ec       0x38 ./Core/Src/main.o
                0x200000ec                TxConfig
 .bss.heth      0x20000124       0xb0 ./Core/Src/main.o
                0x20000124                heth
 .bss.hspi1     0x200001d4       0x88 ./Core/Src/main.o
                0x200001d4                hspi1
 .bss.hspi2     0x2000025c       0x88 ./Core/Src/main.o
                0x2000025c                hspi2
 .bss.hspi3     0x200002e4       0x88 ./Core/Src/main.o
                0x200002e4                hspi3
 .bss.huart3    0x2000036c       0x94 ./Core/Src/main.o
                0x2000036c                huart3
 .bss.MACAddr.0
                0x20000400        0x6 ./Core/Src/main.o
 *fill*         0x20000406        0x2 
 .bss.uwTick    0x20000408        0x4 ./Drivers/STM32H7xx_HAL_Driver/Src/stm32h7xx_hal.o
                0x20000408                uwTick
 *(COMMON)
                0x2000040c                        . = ALIGN (0x4)
                0x2000040c                        _ebss = .
                0x2000040c                        __bss_end__ = _ebss

._user_heap_stack
                0x2000040c      0x604 load address 0x0800685c
                0x20000410                        . = ALIGN (0x8)
 *fill*         0x2000040c        0x4 
                [!provide]                        PROVIDE (end = .)
                0x20000410                        PROVIDE (_end = .)
                0x20000610                        . = (. + _Min_Heap_Size)
 *fill*         0x20000410      0x200 
                0x20000a10                        . = (. + _Min_Stack_Size)
 *fill*         0x20000610      0x400 
                0x20000a10                        . = ALIGN (0x8)

.dtcm_data      0x20000a10        0x0 load address 0x0800685c
                [!provide]                        PROVIDE (__dtcm_data_start = .)
 *(SORT_BY_NAME(.dtcm_data.*))
 *(.dtcm_data*)
                [!provide]                        PROVIDE (__dtcm_data_end = .)

.ethernet_data  0x24000000        0x0
                [!provide]                        PROVIDE (__ethernet_data_start = .)
 *(SORT_BY_NAME(.ethernet_data.*))
 *(.ethernet_data*)
                [!provide]                        PROVIDE (__ethernet_data_end = .)

.ram2_data      0x30000000        0x0
                [!provide]                        PROVIDE (__ram2_data_start = .)
 *(SORT_BY_NAME(.ram2_data.*))
 *(.ram2_data*)
                [!provide]                        PROVIDE (__ram2_data_end = .)

.ram3_data      0x38000000        0x0
                [!provide]                        PROVIDE (__ram3_data_start = .)
 *(SORT_BY_NAME(.ram3_data.*))
 *(.ram3_data*)
                [!provide]                        PROVIDE (__ram3_data_end = .)

/DISCARD/
 libc.a(*)
 libm.a(*)
 libgcc.a(*)

.ARM.attributes
                0x00000000       0x2e
 *(.ARM.attributes)
 .ARM.attributes
                0x00000000       0x20 C:/ST/STM32CubeIDE_1.13.2/STM32CubeIDE/plugins/com.st.stm32cube.ide.mcu.externaltools.gnu-tools-for-stm32.12.3.rel1.win32_1.0.200.202406191623/tools/bin/../lib/gcc/arm-none-eabi/12.3.1/thumb/v7e-m+dp/hard/crti.o
 .ARM.attributes
                0x00000020       0x32 C:/ST/STM32CubeIDE_1.13.2/STM32CubeIDE/plugins/com.st.stm32cube.ide.mcu.externaltools.gnu-tools-for-stm32.12.3.rel1.win32_1.0.200.202406191623/tools/bin/../lib/gcc/arm-none-eabi/12.3.1/thumb/v7e-m+dp/hard/crtbegin.o
 .ARM.attributes
                0x00000052       0x32 ./Core/Src/main.o
 .ARM.attributes
                0x00000084       0x32 ./Core/Src/stm32h7xx_hal_msp.o
 .ARM.attributes
                0x000000b6       0x32 ./Core/Src/stm32h7xx_it.o
 .ARM.attributes
                0x000000e8       0x32 ./Core/Src/system_stm32h7xx.o
 .ARM.attributes
                0x0000011a       0x21 ./Core/Startup/startup_stm32h753vitx.o
 .ARM.attributes
                0x0000013b       0x32 ./Drivers/STM32H7xx_HAL_Driver/Src/stm32h7xx_hal.o
 .ARM.attributes
                0x0000016d       0x32 ./Drivers/STM32H7xx_HAL_Driver/Src/stm32h7xx_hal_cortex.o
 .ARM.attributes
                0x0000019f       0x32 ./Drivers/STM32H7xx_HAL_Driver/Src/stm32h7xx_hal_eth.o
 .ARM.attributes
                0x000001d1       0x32 ./Drivers/STM32H7xx_HAL_Driver/Src/stm32h7xx_hal_gpio.o
 .ARM.attributes
                0x00000203       0x32 ./Drivers/STM32H7xx_HAL_Driver/Src/stm32h7xx_hal_pwr_ex.o
 .ARM.attributes
                0x00000235       0x32 ./Drivers/STM32H7xx_HAL_Driver/Src/stm32h7xx_hal_rcc.o
 .ARM.attributes
                0x00000267       0x32 ./Drivers/STM32H7xx_HAL_Driver/Src/stm32h7xx_hal_rcc_ex.o
 .ARM.attributes
                0x00000299       0x32 ./Drivers/STM32H7xx_HAL_Driver/Src/stm32h7xx_hal_spi.o
 .ARM.attributes
                0x000002cb       0x32 ./Drivers/STM32H7xx_HAL_Driver/Src/stm32h7xx_hal_uart.o
 .ARM.attributes
                0x000002fd       0x32 ./Drivers/STM32H7xx_HAL_Driver/Src/stm32h7xx_hal_uart_ex.o
 .ARM.attributes
                0x0000032f       0x32 C:/ST/STM32CubeIDE_1.13.2/STM32CubeIDE/plugins/com.st.stm32cube.ide.mcu.externaltools.gnu-tools-for-stm32.12.3.rel1.win32_1.0.200.202406191623/tools/bin/../lib/gcc/arm-none-eabi/12.3.1/../../../../arm-none-eabi/lib/thumb/v7e-m+dp/hard\libc_nano.a(libc_a-memset.o)
 .ARM.attributes
                0x00000361       0x32 C:/ST/STM32CubeIDE_1.13.2/STM32CubeIDE/plugins/com.st.stm32cube.ide.mcu.externaltools.gnu-tools-for-stm32.12.3.rel1.win32_1.0.200.202406191623/tools/bin/../lib/gcc/arm-none-eabi/12.3.1/../../../../arm-none-eabi/lib/thumb/v7e-m+dp/hard\libc_nano.a(libc_a-init.o)
 .ARM.attributes
                0x00000393       0x20 C:/ST/STM32CubeIDE_1.13.2/STM32CubeIDE/plugins/com.st.stm32cube.ide.mcu.externaltools.gnu-tools-for-stm32.12.3.rel1.win32_1.0.200.202406191623/tools/bin/../lib/gcc/arm-none-eabi/12.3.1/thumb/v7e-m+dp/hard\libgcc.a(_aeabi_uldivmod.o)
 .ARM.attributes
                0x000003b3       0x32 C:/ST/STM32CubeIDE_1.13.2/STM32CubeIDE/plugins/com.st.stm32cube.ide.mcu.externaltools.gnu-tools-for-stm32.12.3.rel1.win32_1.0.200.202406191623/tools/bin/../lib/gcc/arm-none-eabi/12.3.1/thumb/v7e-m+dp/hard\libgcc.a(_udivmoddi4.o)
 .ARM.attributes
                0x000003e5       0x20 C:/ST/STM32CubeIDE_1.13.2/STM32CubeIDE/plugins/com.st.stm32cube.ide.mcu.externaltools.gnu-tools-for-stm32.12.3.rel1.win32_1.0.200.202406191623/tools/bin/../lib/gcc/arm-none-eabi/12.3.1/thumb/v7e-m+dp/hard\libgcc.a(_dvmd_tls.o)
 .ARM.attributes
                0x00000405       0x20 C:/ST/STM32CubeIDE_1.13.2/STM32CubeIDE/plugins/com.st.stm32cube.ide.mcu.externaltools.gnu-tools-for-stm32.12.3.rel1.win32_1.0.200.202406191623/tools/bin/../lib/gcc/arm-none-eabi/12.3.1/thumb/v7e-m+dp/hard/crtn.o
OUTPUT(eth-daq-h753.elf elf32-littlearm)
LOAD linker stubs
LOAD C:/ST/STM32CubeIDE_1.13.2/STM32CubeIDE/plugins/com.st.stm32cube.ide.mcu.externaltools.gnu-tools-for-stm32.12.3.rel1.win32_1.0.200.202406191623/tools/bin/../lib/gcc/arm-none-eabi/12.3.1/../../../../arm-none-eabi/lib/thumb/v7e-m+dp/hard\libc.a
LOAD C:/ST/STM32CubeIDE_1.13.2/STM32CubeIDE/plugins/com.st.stm32cube.ide.mcu.externaltools.gnu-tools-for-stm32.12.3.rel1.win32_1.0.200.202406191623/tools/bin/../lib/gcc/arm-none-eabi/12.3.1/../../../../arm-none-eabi/lib/thumb/v7e-m+dp/hard\libm.a
LOAD C:/ST/STM32CubeIDE_1.13.2/STM32CubeIDE/plugins/com.st.stm32cube.ide.mcu.externaltools.gnu-tools-for-stm32.12.3.rel1.win32_1.0.200.202406191623/tools/bin/../lib/gcc/arm-none-eabi/12.3.1/thumb/v7e-m+dp/hard\libgcc.a

.debug_info     0x00000000    0x170b4
 .debug_info    0x00000000     0x2f91 ./Core/Src/main.o
 .debug_info    0x00002f91     0x2831 ./Core/Src/stm32h7xx_hal_msp.o
 .debug_info    0x000057c2      0xfda ./Core/Src/stm32h7xx_it.o
 .debug_info    0x0000679c      0xcef ./Core/Src/system_stm32h7xx.o
 .debug_info    0x0000748b       0x30 ./Core/Startup/startup_stm32h753vitx.o
 .debug_info    0x000074bb     0x1541 ./Drivers/STM32H7xx_HAL_Driver/Src/stm32h7xx_hal.o
 .debug_info    0x000089fc     0x10b2 ./Drivers/STM32H7xx_HAL_Driver/Src/stm32h7xx_hal_cortex.o
 .debug_info    0x00009aae     0x2a30 ./Drivers/STM32H7xx_HAL_Driver/Src/stm32h7xx_hal_eth.o
 .debug_info    0x0000c4de      0xc4b ./Drivers/STM32H7xx_HAL_Driver/Src/stm32h7xx_hal_gpio.o
 .debug_info    0x0000d129     0x1008 ./Drivers/STM32H7xx_HAL_Driver/Src/stm32h7xx_hal_pwr_ex.o
 .debug_info    0x0000e131      0xe5b ./Drivers/STM32H7xx_HAL_Driver/Src/stm32h7xx_hal_rcc.o
 .debug_info    0x0000ef8c     0x1216 ./Drivers/STM32H7xx_HAL_Driver/Src/stm32h7xx_hal_rcc_ex.o
 .debug_info    0x000101a2     0x1440 ./Drivers/STM32H7xx_HAL_Driver/Src/stm32h7xx_hal_spi.o
 .debug_info    0x000115e2     0x4b13 ./Drivers/STM32H7xx_HAL_Driver/Src/stm32h7xx_hal_uart.o
 .debug_info    0x000160f5      0xfbf ./Drivers/STM32H7xx_HAL_Driver/Src/stm32h7xx_hal_uart_ex.o

.debug_abbrev   0x00000000     0x2454
 .debug_abbrev  0x00000000      0x360 ./Core/Src/main.o
 .debug_abbrev  0x00000360      0x262 ./Core/Src/stm32h7xx_hal_msp.o
 .debug_abbrev  0x000005c2      0x177 ./Core/Src/stm32h7xx_it.o
 .debug_abbrev  0x00000739      0x14c ./Core/Src/system_stm32h7xx.o
 .debug_abbrev  0x00000885       0x24 ./Core/Startup/startup_stm32h753vitx.o
 .debug_abbrev  0x000008a9      0x295 ./Drivers/STM32H7xx_HAL_Driver/Src/stm32h7xx_hal.o
 .debug_abbrev  0x00000b3e      0x339 ./Drivers/STM32H7xx_HAL_Driver/Src/stm32h7xx_hal_cortex.o
 .debug_abbrev  0x00000e77      0x347 ./Drivers/STM32H7xx_HAL_Driver/Src/stm32h7xx_hal_eth.o
 .debug_abbrev  0x000011be      0x1fe ./Drivers/STM32H7xx_HAL_Driver/Src/stm32h7xx_hal_gpio.o
 .debug_abbrev  0x000013bc      0x2a7 ./Drivers/STM32H7xx_HAL_Driver/Src/stm32h7xx_hal_pwr_ex.o
 .debug_abbrev  0x00001663      0x2c8 ./Drivers/STM32H7xx_HAL_Driver/Src/stm32h7xx_hal_rcc.o
 .debug_abbrev  0x0000192b      0x269 ./Drivers/STM32H7xx_HAL_Driver/Src/stm32h7xx_hal_rcc_ex.o
 .debug_abbrev  0x00001b94      0x2b1 ./Drivers/STM32H7xx_HAL_Driver/Src/stm32h7xx_hal_spi.o
 .debug_abbrev  0x00001e45      0x33d ./Drivers/STM32H7xx_HAL_Driver/Src/stm32h7xx_hal_uart.o
 .debug_abbrev  0x00002182      0x2d2 ./Drivers/STM32H7xx_HAL_Driver/Src/stm32h7xx_hal_uart_ex.o

.debug_aranges  0x00000000      0xde8
 .debug_aranges
                0x00000000       0x70 ./Core/Src/main.o
 .debug_aranges
                0x00000070       0x50 ./Core/Src/stm32h7xx_hal_msp.o
 .debug_aranges
                0x000000c0       0x70 ./Core/Src/stm32h7xx_it.o
 .debug_aranges
                0x00000130       0x28 ./Core/Src/system_stm32h7xx.o
 .debug_aranges
                0x00000158       0x28 ./Core/Startup/startup_stm32h753vitx.o
 .debug_aranges
                0x00000180      0x198 ./Drivers/STM32H7xx_HAL_Driver/Src/stm32h7xx_hal.o
 .debug_aranges
                0x00000318      0x130 ./Drivers/STM32H7xx_HAL_Driver/Src/stm32h7xx_hal_cortex.o
 .debug_aranges
                0x00000448      0x1d8 ./Drivers/STM32H7xx_HAL_Driver/Src/stm32h7xx_hal_eth.o
 .debug_aranges
                0x00000620       0x58 ./Drivers/STM32H7xx_HAL_Driver/Src/stm32h7xx_hal_gpio.o
 .debug_aranges
                0x00000678      0x158 ./Drivers/STM32H7xx_HAL_Driver/Src/stm32h7xx_hal_pwr_ex.o
 .debug_aranges
                0x000007d0       0x88 ./Drivers/STM32H7xx_HAL_Driver/Src/stm32h7xx_hal_rcc.o
 .debug_aranges
                0x00000858       0xf8 ./Drivers/STM32H7xx_HAL_Driver/Src/stm32h7xx_hal_rcc_ex.o
 .debug_aranges
                0x00000950      0x1a8 ./Drivers/STM32H7xx_HAL_Driver/Src/stm32h7xx_hal_spi.o
 .debug_aranges
                0x00000af8      0x248 ./Drivers/STM32H7xx_HAL_Driver/Src/stm32h7xx_hal_uart.o
 .debug_aranges
                0x00000d40       0xa8 ./Drivers/STM32H7xx_HAL_Driver/Src/stm32h7xx_hal_uart_ex.o

.debug_rnglists
                0x00000000      0xac8
 .debug_rnglists
                0x00000000       0x57 ./Core/Src/main.o
 .debug_rnglists
                0x00000057       0x3c ./Core/Src/stm32h7xx_hal_msp.o
 .debug_rnglists
                0x00000093       0x4f ./Core/Src/stm32h7xx_it.o
 .debug_rnglists
                0x000000e2       0x1b ./Core/Src/system_stm32h7xx.o
 .debug_rnglists
                0x000000fd       0x19 ./Core/Startup/startup_stm32h753vitx.o
 .debug_rnglists
                0x00000116      0x131 ./Drivers/STM32H7xx_HAL_Driver/Src/stm32h7xx_hal.o
 .debug_rnglists
                0x00000247       0xe0 ./Drivers/STM32H7xx_HAL_Driver/Src/stm32h7xx_hal_cortex.o
 .debug_rnglists
                0x00000327      0x176 ./Drivers/STM32H7xx_HAL_Driver/Src/stm32h7xx_hal_eth.o
 .debug_rnglists
                0x0000049d       0x3f ./Drivers/STM32H7xx_HAL_Driver/Src/stm32h7xx_hal_gpio.o
 .debug_rnglists
                0x000004dc      0x103 ./Drivers/STM32H7xx_HAL_Driver/Src/stm32h7xx_hal_pwr_ex.o
 .debug_rnglists
                0x000005df       0x68 ./Drivers/STM32H7xx_HAL_Driver/Src/stm32h7xx_hal_rcc.o
 .debug_rnglists
                0x00000647       0xc0 ./Drivers/STM32H7xx_HAL_Driver/Src/stm32h7xx_hal_rcc_ex.o
 .debug_rnglists
                0x00000707      0x148 ./Drivers/STM32H7xx_HAL_Driver/Src/stm32h7xx_hal_spi.o
 .debug_rnglists
                0x0000084f      0x1fa ./Drivers/STM32H7xx_HAL_Driver/Src/stm32h7xx_hal_uart.o
 .debug_rnglists
                0x00000a49       0x7f ./Drivers/STM32H7xx_HAL_Driver/Src/stm32h7xx_hal_uart_ex.o

.debug_macro    0x00000000    0x37615
 .debug_macro   0x00000000      0x2fb ./Core/Src/main.o
 .debug_macro   0x000002fb      0xacc ./Core/Src/main.o
 .debug_macro   0x00000dc7      0x23e ./Core/Src/main.o
 .debug_macro   0x00001005       0x2e ./Core/Src/main.o
 .debug_macro   0x00001033       0x3b ./Core/Src/main.o
 .debug_macro   0x0000106e       0x22 ./Core/Src/main.o
 .debug_macro   0x00001090       0x8e ./Core/Src/main.o
 .debug_macro   0x0000111e       0x51 ./Core/Src/main.o
 .debug_macro   0x0000116f      0x103 ./Core/Src/main.o
 .debug_macro   0x00001272       0x6a ./Core/Src/main.o
 .debug_macro   0x000012dc      0x1df ./Core/Src/main.o
 .debug_macro   0x000014bb       0x1c ./Core/Src/main.o
 .debug_macro   0x000014d7       0x22 ./Core/Src/main.o
 .debug_macro   0x000014f9       0xfb ./Core/Src/main.o
 .debug_macro   0x000015f4     0x1305 ./Core/Src/main.o
 .debug_macro   0x000028f9      0x11f ./Core/Src/main.o
 .debug_macro   0x00002a18       0x27 ./Core/Src/main.o
 .debug_macro   0x00002a3f    0x25f24 ./Core/Src/main.o
 .debug_macro   0x00028963       0x6d ./Core/Src/main.o
 .debug_macro   0x000289d0     0x3d79 ./Core/Src/main.o
 .debug_macro   0x0002c749      0x189 ./Core/Src/main.o
 .debug_macro   0x0002c8d2       0x61 ./Core/Src/main.o
 .debug_macro   0x0002c933       0x29 ./Core/Src/main.o
 .debug_macro   0x0002c95c       0x43 ./Core/Src/main.o
 .debug_macro   0x0002c99f       0x34 ./Core/Src/main.o
 .debug_macro   0x0002c9d3       0x16 ./Core/Src/main.o
 .debug_macro   0x0002c9e9       0x43 ./Core/Src/main.o
 .debug_macro   0x0002ca2c       0x34 ./Core/Src/main.o
 .debug_macro   0x0002ca60       0x10 ./Core/Src/main.o
 .debug_macro   0x0002ca70       0x58 ./Core/Src/main.o
 .debug_macro   0x0002cac8       0x8e ./Core/Src/main.o
 .debug_macro   0x0002cb56       0x1c ./Core/Src/main.o
 .debug_macro   0x0002cb72      0x177 ./Core/Src/main.o
 .debug_macro   0x0002cce9      0x369 ./Core/Src/main.o
 .debug_macro   0x0002d052      0x19b ./Core/Src/main.o
 .debug_macro   0x0002d1ed       0x5d ./Core/Src/main.o
 .debug_macro   0x0002d24a     0x240e ./Core/Src/main.o
 .debug_macro   0x0002f658     0x102c ./Core/Src/main.o
 .debug_macro   0x00030684      0x154 ./Core/Src/main.o
 .debug_macro   0x000307d8      0x114 ./Core/Src/main.o
 .debug_macro   0x000308ec      0x3b6 ./Core/Src/main.o
 .debug_macro   0x00030ca2       0xac ./Core/Src/main.o
 .debug_macro   0x00030d4e      0x72d ./Core/Src/main.o
 .debug_macro   0x0003147b      0x228 ./Core/Src/main.o
 .debug_macro   0x000316a3       0x66 ./Core/Src/main.o
 .debug_macro   0x00031709      0x3bb ./Core/Src/main.o
 .debug_macro   0x00031ac4      0xa80 ./Core/Src/main.o
 .debug_macro   0x00032544      0x129 ./Core/Src/main.o
 .debug_macro   0x0003266d      0x3e4 ./Core/Src/main.o
 .debug_macro   0x00032a51      0x275 ./Core/Src/main.o
 .debug_macro   0x00032cc6      0x3ca ./Core/Src/main.o
 .debug_macro   0x00033090      0x408 ./Core/Src/main.o
 .debug_macro   0x00033498       0x51 ./Core/Src/main.o
 .debug_macro   0x000334e9       0x4a ./Core/Src/main.o
 .debug_macro   0x00033533      0x22c ./Core/Src/main.o
 .debug_macro   0x0003375f       0x67 ./Core/Src/main.o
 .debug_macro   0x000337c6       0xa5 ./Core/Src/main.o
 .debug_macro   0x0003386b      0x1c4 ./Core/Src/main.o
 .debug_macro   0x00033a2f      0x25e ./Core/Src/main.o
 .debug_macro   0x00033c8d       0x35 ./Core/Src/main.o
 .debug_macro   0x00033cc2      0x5e4 ./Core/Src/main.o
 .debug_macro   0x000342a6       0xc1 ./Core/Src/main.o
 .debug_macro   0x00034367      0x693 ./Core/Src/main.o
 .debug_macro   0x000349fa       0xa6 ./Core/Src/main.o
 .debug_macro   0x00034aa0      0x5a0 ./Core/Src/main.o
 .debug_macro   0x00035040       0x16 ./Core/Src/main.o
 .debug_macro   0x00035056       0x35 ./Core/Src/main.o
 .debug_macro   0x0003508b       0x20 ./Core/Src/main.o
 .debug_macro   0x000350ab      0x2cb ./Core/Src/stm32h7xx_hal_msp.o
 .debug_macro   0x00035376      0x2d5 ./Core/Src/stm32h7xx_it.o
 .debug_macro   0x0003564b      0x2c1 ./Core/Src/system_stm32h7xx.o
 .debug_macro   0x0003590c      0x2eb ./Drivers/STM32H7xx_HAL_Driver/Src/stm32h7xx_hal.o
 .debug_macro   0x00035bf7      0x2c1 ./Drivers/STM32H7xx_HAL_Driver/Src/stm32h7xx_hal_cortex.o
 .debug_macro   0x00035eb8      0x355 ./Drivers/STM32H7xx_HAL_Driver/Src/stm32h7xx_hal_eth.o
 .debug_macro   0x0003620d      0x2c8 ./Drivers/STM32H7xx_HAL_Driver/Src/stm32h7xx_hal_gpio.o
 .debug_macro   0x000364d5      0x2fa ./Drivers/STM32H7xx_HAL_Driver/Src/stm32h7xx_hal_pwr_ex.o
 .debug_macro   0x000367cf      0x2e5 ./Drivers/STM32H7xx_HAL_Driver/Src/stm32h7xx_hal_rcc.o
 .debug_macro   0x00036ab4      0x2df ./Drivers/STM32H7xx_HAL_Driver/Src/stm32h7xx_hal_rcc_ex.o
 .debug_macro   0x00036d93      0x2c9 ./Drivers/STM32H7xx_HAL_Driver/Src/stm32h7xx_hal_spi.o
 .debug_macro   0x0003705c      0x2ec ./Drivers/STM32H7xx_HAL_Driver/Src/stm32h7xx_hal_uart.o
 .debug_macro   0x00037348      0x2cd ./Drivers/STM32H7xx_HAL_Driver/Src/stm32h7xx_hal_uart_ex.o

.debug_line     0x00000000    0x129db
 .debug_line    0x00000000      0xd27 ./Core/Src/main.o
 .debug_line    0x00000d27      0xade ./Core/Src/stm32h7xx_hal_msp.o
 .debug_line    0x00001805      0xa08 ./Core/Src/stm32h7xx_it.o
 .debug_line    0x0000220d      0xad1 ./Core/Src/system_stm32h7xx.o
 .debug_line    0x00002cde       0x7a ./Core/Startup/startup_stm32h753vitx.o
 .debug_line    0x00002d58      0xec6 ./Drivers/STM32H7xx_HAL_Driver/Src/stm32h7xx_hal.o
 .debug_line    0x00003c1e      0xef5 ./Drivers/STM32H7xx_HAL_Driver/Src/stm32h7xx_hal_cortex.o
 .debug_line    0x00004b13     0x1c5f ./Drivers/STM32H7xx_HAL_Driver/Src/stm32h7xx_hal_eth.o
 .debug_line    0x00006772      0xd9e ./Drivers/STM32H7xx_HAL_Driver/Src/stm32h7xx_hal_gpio.o
 .debug_line    0x00007510      0xfe9 ./Drivers/STM32H7xx_HAL_Driver/Src/stm32h7xx_hal_pwr_ex.o
 .debug_line    0x000084f9     0x1496 ./Drivers/STM32H7xx_HAL_Driver/Src/stm32h7xx_hal_rcc.o
 .debug_line    0x0000998f     0x1dae ./Drivers/STM32H7xx_HAL_Driver/Src/stm32h7xx_hal_rcc_ex.o
 .debug_line    0x0000b73d     0x23e6 ./Drivers/STM32H7xx_HAL_Driver/Src/stm32h7xx_hal_spi.o
 .debug_line    0x0000db23     0x3f54 ./Drivers/STM32H7xx_HAL_Driver/Src/stm32h7xx_hal_uart.o
 .debug_line    0x00011a77      0xf64 ./Drivers/STM32H7xx_HAL_Driver/Src/stm32h7xx_hal_uart_ex.o

.debug_str      0x00000000   0x162343
 .debug_str     0x00000000   0x15da25 ./Core/Src/main.o
                             0x15e03b (size before relaxing)
 .debug_str     0x0015da25      0x922 ./Core/Src/stm32h7xx_hal_msp.o
                             0x15e276 (size before relaxing)
 .debug_str     0x0015e347       0xf0 ./Core/Src/stm32h7xx_it.o
                             0x15cca2 (size before relaxing)
 .debug_str     0x0015e437      0x237 ./Core/Src/system_stm32h7xx.o
                             0x15c7b9 (size before relaxing)
 .debug_str     0x0015e66e       0x44 ./Core/Startup/startup_stm32h753vitx.o
                                 0x84 (size before relaxing)
 .debug_str     0x0015e6b2      0x7f9 ./Drivers/STM32H7xx_HAL_Driver/Src/stm32h7xx_hal.o
                             0x15d6de (size before relaxing)
 .debug_str     0x0015eeab      0x2ad ./Drivers/STM32H7xx_HAL_Driver/Src/stm32h7xx_hal_cortex.o
                             0x15d119 (size before relaxing)
 .debug_str     0x0015f158     0x1028 ./Drivers/STM32H7xx_HAL_Driver/Src/stm32h7xx_hal_eth.o
                             0x15e03e (size before relaxing)
 .debug_str     0x00160180      0x128 ./Drivers/STM32H7xx_HAL_Driver/Src/stm32h7xx_hal_gpio.o
                             0x15c770 (size before relaxing)
 .debug_str     0x001602a8      0x63b ./Drivers/STM32H7xx_HAL_Driver/Src/stm32h7xx_hal_pwr_ex.o
                             0x15cc31 (size before relaxing)
 .debug_str     0x001608e3      0x21a ./Drivers/STM32H7xx_HAL_Driver/Src/stm32h7xx_hal_rcc.o
                             0x15cb54 (size before relaxing)
 .debug_str     0x00160afd      0x64b ./Drivers/STM32H7xx_HAL_Driver/Src/stm32h7xx_hal_rcc_ex.o
                             0x15d035 (size before relaxing)
 .debug_str     0x00161148      0x580 ./Drivers/STM32H7xx_HAL_Driver/Src/stm32h7xx_hal_spi.o
                             0x15ce78 (size before relaxing)
 .debug_str     0x001616c8      0xa1a ./Drivers/STM32H7xx_HAL_Driver/Src/stm32h7xx_hal_uart.o
                             0x15d695 (size before relaxing)
 .debug_str     0x001620e2      0x261 ./Drivers/STM32H7xx_HAL_Driver/Src/stm32h7xx_hal_uart_ex.o
                             0x15cc55 (size before relaxing)

.comment        0x00000000       0x43
 .comment       0x00000000       0x43 ./Core/Src/main.o
                                 0x44 (size before relaxing)
 .comment       0x00000043       0x44 ./Core/Src/stm32h7xx_hal_msp.o
 .comment       0x00000043       0x44 ./Core/Src/stm32h7xx_it.o
 .comment       0x00000043       0x44 ./Core/Src/system_stm32h7xx.o
 .comment       0x00000043       0x44 ./Drivers/STM32H7xx_HAL_Driver/Src/stm32h7xx_hal.o
 .comment       0x00000043       0x44 ./Drivers/STM32H7xx_HAL_Driver/Src/stm32h7xx_hal_cortex.o
 .comment       0x00000043       0x44 ./Drivers/STM32H7xx_HAL_Driver/Src/stm32h7xx_hal_eth.o
 .comment       0x00000043       0x44 ./Drivers/STM32H7xx_HAL_Driver/Src/stm32h7xx_hal_gpio.o
 .comment       0x00000043       0x44 ./Drivers/STM32H7xx_HAL_Driver/Src/stm32h7xx_hal_pwr_ex.o
 .comment       0x00000043       0x44 ./Drivers/STM32H7xx_HAL_Driver/Src/stm32h7xx_hal_rcc.o
 .comment       0x00000043       0x44 ./Drivers/STM32H7xx_HAL_Driver/Src/stm32h7xx_hal_rcc_ex.o
 .comment       0x00000043       0x44 ./Drivers/STM32H7xx_HAL_Driver/Src/stm32h7xx_hal_spi.o
 .comment       0x00000043       0x44 ./Drivers/STM32H7xx_HAL_Driver/Src/stm32h7xx_hal_uart.o
 .comment       0x00000043       0x44 ./Drivers/STM32H7xx_HAL_Driver/Src/stm32h7xx_hal_uart_ex.o

.debug_frame    0x00000000     0x3ac4
 .debug_frame   0x00000000      0x16c ./Core/Src/main.o
 .debug_frame   0x0000016c      0x118 ./Core/Src/stm32h7xx_hal_msp.o
 .debug_frame   0x00000284      0x13c ./Core/Src/stm32h7xx_it.o
 .debug_frame   0x000003c0       0x58 ./Core/Src/system_stm32h7xx.o
 .debug_frame   0x00000418      0x690 ./Drivers/STM32H7xx_HAL_Driver/Src/stm32h7xx_hal.o
 .debug_frame   0x00000aa8      0x508 ./Drivers/STM32H7xx_HAL_Driver/Src/stm32h7xx_hal_cortex.o
 .debug_frame   0x00000fb0      0x894 ./Drivers/STM32H7xx_HAL_Driver/Src/stm32h7xx_hal_eth.o
 .debug_frame   0x00001844      0x14c ./Drivers/STM32H7xx_HAL_Driver/Src/stm32h7xx_hal_gpio.o
 .debug_frame   0x00001990      0x580 ./Drivers/STM32H7xx_HAL_Driver/Src/stm32h7xx_hal_pwr_ex.o
 .debug_frame   0x00001f10      0x1f8 ./Drivers/STM32H7xx_HAL_Driver/Src/stm32h7xx_hal_rcc.o
 .debug_frame   0x00002108      0x414 ./Drivers/STM32H7xx_HAL_Driver/Src/stm32h7xx_hal_rcc_ex.o
 .debug_frame   0x0000251c      0x7a8 ./Drivers/STM32H7xx_HAL_Driver/Src/stm32h7xx_hal_spi.o
 .debug_frame   0x00002cc4      0xa94 ./Drivers/STM32H7xx_HAL_Driver/Src/stm32h7xx_hal_uart.o
 .debug_frame   0x00003758      0x2c0 ./Drivers/STM32H7xx_HAL_Driver/Src/stm32h7xx_hal_uart_ex.o
 .debug_frame   0x00003a18       0x20 C:/ST/STM32CubeIDE_1.13.2/STM32CubeIDE/plugins/com.st.stm32cube.ide.mcu.externaltools.gnu-tools-for-stm32.12.3.rel1.win32_1.0.200.202406191623/tools/bin/../lib/gcc/arm-none-eabi/12.3.1/../../../../arm-none-eabi/lib/thumb/v7e-m+dp/hard\libc_nano.a(libc_a-memset.o)
 .debug_frame   0x00003a38       0x2c C:/ST/STM32CubeIDE_1.13.2/STM32CubeIDE/plugins/com.st.stm32cube.ide.mcu.externaltools.gnu-tools-for-stm32.12.3.rel1.win32_1.0.200.202406191623/tools/bin/../lib/gcc/arm-none-eabi/12.3.1/../../../../arm-none-eabi/lib/thumb/v7e-m+dp/hard\libc_nano.a(libc_a-init.o)
 .debug_frame   0x00003a64       0x2c C:/ST/STM32CubeIDE_1.13.2/STM32CubeIDE/plugins/com.st.stm32cube.ide.mcu.externaltools.gnu-tools-for-stm32.12.3.rel1.win32_1.0.200.202406191623/tools/bin/../lib/gcc/arm-none-eabi/12.3.1/thumb/v7e-m+dp/hard\libgcc.a(_aeabi_uldivmod.o)
 .debug_frame   0x00003a90       0x34 C:/ST/STM32CubeIDE_1.13.2/STM32CubeIDE/plugins/com.st.stm32cube.ide.mcu.externaltools.gnu-tools-for-stm32.12.3.rel1.win32_1.0.200.202406191623/tools/bin/../lib/gcc/arm-none-eabi/12.3.1/thumb/v7e-m+dp/hard\libgcc.a(_udivmoddi4.o)

.debug_line_str
                0x00000000       0x68
 .debug_line_str
                0x00000000       0x68 ./Core/Startup/startup_stm32h753vitx.o
