../Drivers/FreeRTOS-Plus-TCP/tools/tcp_utilities/NTPDemo.c:117:13:vSignalTask	8	static
../Drivers/FreeRTOS-Plus-TCP/tools/tcp_utilities/NTPDemo.c:135:6:vNTPClearCache	8	static
../Drivers/FreeRTOS-Plus-TCP/tools/tcp_utilities/NTPDemo.c:146:6:vNTPSetNTPType	24	static
../Drivers/FreeRTOS-Plus-TCP/tools/tcp_utilities/NTPDemo.c:173:12:xNTPTaskIsRunning	16	static
../Drivers/FreeRTOS-Plus-TCP/tools/tcp_utilities/NTPDemo.c:180:6:vStartNTPTask	56	static
../Drivers/FreeRTOS-Plus-TCP/tools/tcp_utilities/NTPDemo.c:246:17:vDNS_callback	56	static
../Drivers/FreeRTOS-Plus-TCP/tools/tcp_utilities/NTPDemo.c:327:13:prvSwapFields	16	static
../Drivers/FreeRTOS-Plus-TCP/tools/tcp_utilities/NTPDemo.c:347:13:prvNTPPacketInit	16	static
../Drivers/FreeRTOS-Plus-TCP/tools/tcp_utilities/NTPDemo.c:368:13:prvReadTime	208	static
../Drivers/FreeRTOS-Plus-TCP/tools/tcp_utilities/NTPDemo.c:463:23:xOnUDPReceive	24	static
../Drivers/FreeRTOS-Plus-TCP/tools/tcp_utilities/NTPDemo.c:491:13:prvNTPTask	224	static
