../Drivers/FreeRTOS-Plus-TCP/portable/NetworkInterface/STM32Hxx/NetworkInterface.c:214:17:prvRevBits32	24	static
../Drivers/FreeRTOS-Plus-TCP/portable/NetworkInterface/STM32Hxx/NetworkInterface.c:235:17:prvComputeCRC32_MAC	40	static
../Drivers/FreeRTOS-Plus-TCP/portable/NetworkInterface/STM32Hxx/NetworkInterface.c:263:17:prvComputeEthernet_MACHash	24	static
../Drivers/FreeRTOS-Plus-TCP/portable/NetworkInterface/STM32Hxx/NetworkInterface.c:280:13:prvSetMAC_HashFilter	24	static
../Drivers/FreeRTOS-Plus-TCP/portable/NetworkInterface/STM32Hxx/NetworkInterface.c:307:18:pucGetRXBuffer	32	static
../Drivers/FreeRTOS-Plus-TCP/portable/NetworkInterface/STM32Hxx/NetworkInterface.c:324:19:xSTM32H_NetworkInterfaceInitialise	64	static
../Drivers/FreeRTOS-Plus-TCP/portable/NetworkInterface/STM32Hxx/NetworkInterface.c:521:19:xSTM32H_GetPhyLinkStatus	24	static
../Drivers/FreeRTOS-Plus-TCP/portable/NetworkInterface/STM32Hxx/NetworkInterface.c:543:26:pxFillInterfaceDescriptor	16	static
../Drivers/FreeRTOS-Plus-TCP/portable/NetworkInterface/STM32Hxx/NetworkInterface.c:552:22:pxSTM32H_FillInterfaceDescriptor	16	static
../Drivers/FreeRTOS-Plus-TCP/portable/NetworkInterface/STM32Hxx/NetworkInterface.c:576:19:xSTM32H_NetworkInterfaceOutput	48	static,ignoring_inline_asm
../Drivers/FreeRTOS-Plus-TCP/portable/NetworkInterface/STM32Hxx/NetworkInterface.c:679:13:prvMACBProbePhy	8	static
../Drivers/FreeRTOS-Plus-TCP/portable/NetworkInterface/STM32Hxx/NetworkInterface.c:692:13:prvEthernetUpdateConfig	128	static
../Drivers/FreeRTOS-Plus-TCP/portable/NetworkInterface/STM32Hxx/NetworkInterface.c:754:19:prvNetworkInterfaceInput	56	static
../Drivers/FreeRTOS-Plus-TCP/portable/NetworkInterface/STM32Hxx/NetworkInterface.c:933:16:ETH_PHY_IO_ReadReg	32	static
../Drivers/FreeRTOS-Plus-TCP/portable/NetworkInterface/STM32Hxx/NetworkInterface.c:955:16:ETH_PHY_IO_WriteReg	32	static
../Drivers/FreeRTOS-Plus-TCP/portable/NetworkInterface/STM32Hxx/NetworkInterface.c:980:6:ETH_IRQHandler	8	static
../Drivers/FreeRTOS-Plus-TCP/portable/NetworkInterface/STM32Hxx/NetworkInterface.c:986:13:prvSetFlagsAndNotify	24	static,ignoring_inline_asm
../Drivers/FreeRTOS-Plus-TCP/portable/NetworkInterface/STM32Hxx/NetworkInterface.c:1003:6:HAL_ETH_TxCpltCallback	16	static
../Drivers/FreeRTOS-Plus-TCP/portable/NetworkInterface/STM32Hxx/NetworkInterface.c:1010:6:HAL_ETH_RxCpltCallback	16	static
../Drivers/FreeRTOS-Plus-TCP/portable/NetworkInterface/STM32Hxx/NetworkInterface.c:1017:6:HAL_ETH_DMAErrorCallback	16	static
../Drivers/FreeRTOS-Plus-TCP/portable/NetworkInterface/STM32Hxx/NetworkInterface.c:1034:6:vNetworkInterfaceAllocateRAMToBuffers	24	static
../Drivers/FreeRTOS-Plus-TCP/portable/NetworkInterface/STM32Hxx/NetworkInterface.c:1048:13:vClearOptionBit	16	static
../Drivers/FreeRTOS-Plus-TCP/portable/NetworkInterface/STM32Hxx/NetworkInterface.c:1058:19:uxGetOwnCount	32	static
../Drivers/FreeRTOS-Plus-TCP/portable/NetworkInterface/STM32Hxx/NetworkInterface.c:1081:13:prvEMACHandlerTask	40	static
