../Drivers/Utilities/printf-stdarg.c:52:34:xApplicationMemoryPermissions	16	static
../Drivers/Utilities/printf-stdarg.c:60:28:vOutputChar	16	static
../Drivers/Utilities/printf-stdarg.c:113:13:strbuf_init	24	static
../Drivers/Utilities/printf-stdarg.c:124:19:strbuf_printchar	16	static
../Drivers/Utilities/printf-stdarg.c:146:28:strbuf_printchar_inline	16	static
../Drivers/Utilities/printf-stdarg.c:193:19:prints	40	static
../Drivers/Utilities/printf-stdarg.c:353:19:printi	56	static
../Drivers/Utilities/printf-stdarg.c:441:19:printIp	48	static
../Drivers/Utilities/printf-stdarg.c:457:17:usNetToHost	16	static
../Drivers/Utilities/printf-stdarg.c:469:19:printIPv6	40	static
../Drivers/Utilities/printf-stdarg.c:527:13:tiny_print	40	static
../Drivers/Utilities/printf-stdarg.c:720:5:tiny_printf	48	static
C:\ST\STM32CubeIDE_1.13.2\STM32CubeIDE\plugins\com.st.stm32cube.ide.mcu.externaltools.gnu-tools-for-stm32.12.3.rel1.win32_1.0.200.202406191623\tools\bin/../lib/gcc/arm-none-eabi/12.3.1/../../../../arm-none-eabi/include/stdio.h:274:5:vsnprintf	56	static
C:\ST\STM32CubeIDE_1.13.2\STM32CubeIDE\plugins\com.st.stm32cube.ide.mcu.externaltools.gnu-tools-for-stm32.12.3.rel1.win32_1.0.200.202406191623\tools\bin/../lib/gcc/arm-none-eabi/12.3.1/../../../../arm-none-eabi/include/stdio.h:272:5:snprintf	56	static
C:\ST\STM32CubeIDE_1.13.2\STM32CubeIDE\plugins\com.st.stm32cube.ide.mcu.externaltools.gnu-tools-for-stm32.12.3.rel1.win32_1.0.200.202406191623\tools\bin/../lib/gcc/arm-none-eabi/12.3.1/../../../../arm-none-eabi/include/stdio.h:250:5:sprintf	60	static
C:\ST\STM32CubeIDE_1.13.2\STM32CubeIDE\plugins\com.st.stm32cube.ide.mcu.externaltools.gnu-tools-for-stm32.12.3.rel1.win32_1.0.200.202406191623\tools\bin/../lib/gcc/arm-none-eabi/12.3.1/../../../../arm-none-eabi/include/stdio.h:216:5:vsprintf	56	static
../Drivers/Utilities/printf-stdarg.c:782:13:mkSize	96	static
