../Core/Src/main.c:164:5:main	40	static,ignoring_inline_asm
../Core/Src/main.c:352:6:SystemClock_Config	128	static
../Core/Src/main.c:415:6:PeriphCommonClock_Config	200	static
../Core/Src/main.c:492:13:MX_SPI1_Init	8	static
../Core/Src/main.c:540:13:MX_SPI2_Init	8	static
../Core/Src/main.c:588:13:MX_SPI3_Init	8	static
../Core/Src/main.c:636:13:MX_TIM1_Init	40	static
../Core/Src/main.c:683:13:MX_TIM2_Init	40	static
../Core/Src/main.c:728:13:MX_TIM3_Init	40	static
../Core/Src/main.c:773:13:MX_USART3_UART_Init	8	static
../Core/Src/main.c:819:13:MX_DMA_Init	16	static
../Core/Src/main.c:846:13:MX_GPIO_Init	56	static
../Core/Src/main.c:936:13:vHeapInit	48	static
../Core/Src/main.c:953:10:ulGetRunTimeCounterValue	4	static
../Core/Src/main.c:958:6:vAssertCalled	24	static,ignoring_inline_asm
../Core/Src/main.c:977:6:vApplicationMallocFailedHook	8	static
../Core/Src/main.c:992:6:vApplicationGetIdleTaskMemory	24	static
../Core/Src/main.c:1019:6:vApplicationGetTimerTaskMemory	24	static
../Core/Src/main.c:1048:10:ulApplicationGetNextSequenceNumber	32	static
../Core/Src/main.c:1064:6:vApplicationIPNetworkEventHook	48	static
../Core/Src/main.c:1099:12:xApplicationDNSQueryHook	24	static
../Core/Src/main.c:1114:13:pcApplicationHostnameHook	4	static
../Core/Src/main.c:1124:7:vApplicationPingReplyHook	16	static
../Core/Src/main.c:1132:12:xApplicationGetRandomNumber	16	static
../Core/Src/main.c:1153:6:prvGetRegistersFromStack	16	static
../Core/Src/main.c:1164:6:HardFault_Handler	4	static,ignoring_inline_asm
../Core/Src/main.c:1179:13:prvServerWorkTask	16	static
../Core/Src/main.c:1221:13:vNotifierTask	24	static
../Core/Src/main.c:1239:13:vADCTCPTask	104	static
../Core/Src/main.c:1377:13:vAuxADCTCPTask	96	static
../Core/Src/main.c:1506:6:MPU_Config	24	static
../Core/Src/main.c:1537:6:Error_Handler	4	static,ignoring_inline_asm
../Core/Src/main.c:1556:6:assert_failed	16	static
