../Core/Src/main.c:193:5:main	48	static,ignoring_inline_asm
../Core/Src/main.c:544:6:SystemClock_Config	128	static
../Core/Src/main.c:609:6:PeriphCommonClock_Config	200	static
../Core/Src/main.c:685:13:MX_I2C4_Init	8	static
../Core/Src/main.c:732:13:MX_SPI1_Init	8	static
../Core/Src/main.c:779:13:MX_SPI2_Init	8	static
../Core/Src/main.c:826:13:MX_SPI3_Init	8	static
../Core/Src/main.c:873:13:MX_TIM1_Init	40	static
../Core/Src/main.c:919:13:MX_TIM2_Init	40	static
../Core/Src/main.c:963:13:MX_TIM3_Init	40	static
../Core/Src/main.c:1007:13:MX_TIM4_Init	64	static
../Core/Src/main.c:1070:13:MX_TIM5_Init	40	static
../Core/Src/main.c:1114:13:MX_USART3_UART_Init	8	static
../Core/Src/main.c:1159:13:MX_DMA_Init	16	static
../Core/Src/main.c:1197:13:MX_GPIO_Init	56	static
../Core/Src/main.c:1289:13:vHeapInit	48	static
../Core/Src/main.c:1304:10:ulGetRunTimeCounterValue	4	static
../Core/Src/main.c:1309:6:vAssertCalled	24	static,ignoring_inline_asm
../Core/Src/main.c:1328:6:vApplicationMallocFailedHook	8	static
../Core/Src/main.c:1343:6:vApplicationGetIdleTaskMemory	24	static
../Core/Src/main.c:1370:6:vApplicationGetTimerTaskMemory	24	static
../Core/Src/main.c:1399:10:ulApplicationGetNextSequenceNumber	32	static
../Core/Src/main.c:1415:6:vApplicationIPNetworkEventHook	48	static
../Core/Src/main.c:1450:12:xApplicationDNSQueryHook	24	static
../Core/Src/main.c:1465:13:pcApplicationHostnameHook	4	static
../Core/Src/main.c:1475:6:vApplicationPingReplyHook	16	static
../Core/Src/main.c:1483:12:xApplicationGetRandomNumber	16	static
../Core/Src/main.c:1506:6:prvGetRegistersFromStack	16	static
../Core/Src/main.c:1517:6:HardFault_Handler	4	static,ignoring_inline_asm
../Core/Src/main.c:1528:13:prvServerWorkTask	16	static
../Core/Src/main.c:1568:13:vNotifierTask	24	static
../Core/Src/main.c:1584:13:vADCTCPTask	104	static
../Core/Src/main.c:1679:13:vAuxADCTCPTask	104	static
../Core/Src/main.c:1774:13:vTCADCTCPTask	104	static
../Core/Src/main.c:1869:6:vCommandServerTask	88	static
../Core/Src/main.c:1930:13:prvCommandHandlerTask	32	static,ignoring_inline_asm
../Core/Src/main.c:2042:6:MPU_Config	24	static
../Core/Src/main.c:2079:6:Error_Handler	4	static,ignoring_inline_asm
../Core/Src/main.c:2098:6:assert_failed	16	static
