../Core/Src/main.c:164:5:main	40	static,ignoring_inline_asm
../Core/Src/main.c:320:6:SystemClock_Config	128	static
../Core/Src/main.c:383:6:PeriphCommonClock_Config	200	static
../Core/Src/main.c:460:13:MX_SPI1_Init	8	static
../Core/Src/main.c:508:13:MX_SPI2_Init	8	static
../Core/Src/main.c:556:13:MX_SPI3_Init	8	static
../Core/Src/main.c:604:13:MX_TIM1_Init	40	static
../Core/Src/main.c:651:13:MX_TIM2_Init	40	static
../Core/Src/main.c:696:13:MX_TIM3_Init	40	static
../Core/Src/main.c:741:13:MX_USART3_UART_Init	8	static
../Core/Src/main.c:787:13:MX_DMA_Init	16	static
../Core/Src/main.c:814:13:MX_GPIO_Init	32	static
../Core/Src/main.c:854:13:vHeapInit	48	static
../Core/Src/main.c:871:10:ulGetRunTimeCounterValue	4	static
../Core/Src/main.c:876:6:vAssertCalled	24	static,ignoring_inline_asm
../Core/Src/main.c:895:6:vApplicationMallocFailedHook	8	static
../Core/Src/main.c:910:6:vApplicationGetIdleTaskMemory	24	static
../Core/Src/main.c:937:6:vApplicationGetTimerTaskMemory	24	static
../Core/Src/main.c:966:10:ulApplicationGetNextSequenceNumber	32	static
../Core/Src/main.c:982:6:vApplicationIPNetworkEventHook	48	static
../Core/Src/main.c:1017:12:xApplicationDNSQueryHook	24	static
../Core/Src/main.c:1032:13:pcApplicationHostnameHook	4	static
../Core/Src/main.c:1042:7:vApplicationPingReplyHook	16	static
../Core/Src/main.c:1050:12:xApplicationGetRandomNumber	16	static
../Core/Src/main.c:1071:6:prvGetRegistersFromStack	16	static
../Core/Src/main.c:1082:6:HardFault_Handler	4	static,ignoring_inline_asm
../Core/Src/main.c:1097:13:prvServerWorkTask	16	static
../Core/Src/main.c:1139:13:vNotifierTask	24	static
../Core/Src/main.c:1157:13:vADCTCPTask	104	static
../Core/Src/main.c:1295:13:vAuxADCTCPTask	96	static
../Core/Src/main.c:1424:6:MPU_Config	24	static
../Core/Src/main.c:1455:6:Error_Handler	4	static,ignoring_inline_asm
../Core/Src/main.c:1474:6:assert_failed	16	static
