../Core/Src/main.c:193:5:main	48	static,ignoring_inline_asm
../Core/Src/main.c:497:6:SystemClock_Config	128	static
../Core/Src/main.c:560:6:PeriphCommonClock_Config	200	static
../Core/Src/main.c:637:13:MX_I2C4_Init	8	static
../Core/Src/main.c:685:13:MX_SPI1_Init	8	static
../Core/Src/main.c:733:13:MX_SPI2_Init	8	static
../Core/Src/main.c:781:13:MX_SPI3_Init	8	static
../Core/Src/main.c:829:13:MX_TIM1_Init	40	static
../Core/Src/main.c:876:13:MX_TIM2_Init	40	static
../Core/Src/main.c:921:13:MX_TIM3_Init	40	static
../Core/Src/main.c:966:13:MX_TIM4_Init	64	static
../Core/Src/main.c:1030:13:MX_TIM5_Init	40	static
../Core/Src/main.c:1075:13:MX_USART3_UART_Init	8	static
../Core/Src/main.c:1121:13:MX_DMA_Init	16	static
../Core/Src/main.c:1160:13:MX_GPIO_Init	56	static
../Core/Src/main.c:1256:13:vHeapInit	48	static
../Core/Src/main.c:1273:10:ulGetRunTimeCounterValue	4	static
../Core/Src/main.c:1278:6:vAssertCalled	24	static,ignoring_inline_asm
../Core/Src/main.c:1297:6:vApplicationMallocFailedHook	8	static
../Core/Src/main.c:1312:6:vApplicationGetIdleTaskMemory	24	static
../Core/Src/main.c:1339:6:vApplicationGetTimerTaskMemory	24	static
../Core/Src/main.c:1368:10:ulApplicationGetNextSequenceNumber	32	static
../Core/Src/main.c:1384:6:vApplicationIPNetworkEventHook	48	static
../Core/Src/main.c:1419:12:xApplicationDNSQueryHook	24	static
../Core/Src/main.c:1434:13:pcApplicationHostnameHook	4	static
../Core/Src/main.c:1444:7:vApplicationPingReplyHook	16	static
../Core/Src/main.c:1452:12:xApplicationGetRandomNumber	16	static
../Core/Src/main.c:1473:6:prvGetRegistersFromStack	16	static
../Core/Src/main.c:1484:6:HardFault_Handler	4	static,ignoring_inline_asm
../Core/Src/main.c:1499:13:prvServerWorkTask	16	static
../Core/Src/main.c:1541:13:vNotifierTask	24	static
../Core/Src/main.c:1559:13:vADCTCPTask	104	static
../Core/Src/main.c:1697:13:vAuxADCTCPTask	104	static
../Core/Src/main.c:1835:13:vTCADCTCPTask	104	static
../Core/Src/main.c:1973:6:vCommandServerTask	88	static
../Core/Src/main.c:2035:13:prvCommandHandlerTask	24	static
../Core/Src/main.c:2103:6:MPU_Config	24	static
../Core/Src/main.c:2141:6:Error_Handler	4	static,ignoring_inline_asm
../Core/Src/main.c:2160:6:assert_failed	16	static
