../Core/Src/main.c:98:5:main	24	static,ignoring_inline_asm
../Core/Src/main.c:161:6:SystemClock_Config	128	static
../Core/Src/main.c:224:6:PeriphCommonClock_Config	200	static
../Core/Src/main.c:252:13:MX_ETH_Init	8	static
../Core/Src/main.c:301:13:MX_SPI1_Init	8	static
../Core/Src/main.c:349:13:MX_SPI2_Init	8	static
../Core/Src/main.c:397:13:MX_SPI3_Init	8	static
../Core/Src/main.c:445:13:MX_USART3_UART_Init	8	static
../Core/Src/main.c:493:13:MX_GPIO_Init	32	static
../Core/Src/main.c:515:6:MPU_Config	24	static
../Core/Src/main.c:546:6:Error_Handler	4	static,ignoring_inline_asm
