../Core/Src/main.c:211:5:main	48	static,ignoring_inline_asm
../Core/Src/main.c:582:6:SystemClock_Config	128	static
../Core/Src/main.c:648:6:PeriphCommonClock_Config	200	static
../Core/Src/main.c:724:13:MX_I2C4_Init	8	static
../Core/Src/main.c:771:13:MX_RNG_Init	8	static
../Core/Src/main.c:797:13:MX_SPI1_Init	8	static
../Core/Src/main.c:844:13:MX_SPI2_Init	8	static
../Core/Src/main.c:891:13:MX_SPI3_Init	8	static
../Core/Src/main.c:938:13:MX_TIM1_Init	48	static
../Core/Src/main.c:984:13:MX_TIM2_Init	40	static
../Core/Src/main.c:1028:13:MX_TIM3_Init	48	static
../Core/Src/main.c:1072:13:MX_TIM4_Init	64	static
../Core/Src/main.c:1135:13:MX_TIM5_Init	48	static
../Core/Src/main.c:1179:13:MX_USART3_UART_Init	8	static
../Core/Src/main.c:1224:13:MX_DMA_Init	16	static
../Core/Src/main.c:1262:13:MX_GPIO_Init	56	static
../Core/Src/main.c:1354:13:vHeapInit	48	static
../Core/Src/main.c:1369:10:ulGetRunTimeCounterValue	4	static
../Core/Src/main.c:1374:6:vAssertCalled	24	static,ignoring_inline_asm
../Core/Src/main.c:1393:6:vApplicationMallocFailedHook	8	static
../Core/Src/main.c:1408:6:vApplicationGetIdleTaskMemory	24	static
../Core/Src/main.c:1435:6:vApplicationGetTimerTaskMemory	24	static
../Core/Src/main.c:1464:10:ulApplicationGetNextSequenceNumber	32	static
../Core/Src/main.c:1480:6:vApplicationIPNetworkEventHook	72	static
../Core/Src/main.c:1521:12:xApplicationDNSQueryHook	24	static
../Core/Src/main.c:1536:13:pcApplicationHostnameHook	4	static
../Core/Src/main.c:1546:6:vApplicationPingReplyHook	16	static
../Core/Src/main.c:1554:12:xApplicationGetRandomNumber	16	static
../Core/Src/main.c:1577:6:prvGetRegistersFromStack	16	static
../Core/Src/main.c:1588:6:HardFault_Handler	4	static,ignoring_inline_asm
../Core/Src/main.c:1599:13:prvServerWorkTask	16	static
../Core/Src/main.c:1655:13:vADCTCPTask	104	static
../Core/Src/main.c:1749:13:vAuxADCTCPTask	104	static
../Core/Src/main.c:1843:13:vTCADCTCPTask	104	static
../Core/Src/main.c:1938:6:vCommandServerTask	88	static
../Core/Src/main.c:1999:13:prvCommandHandlerTask	32	static,ignoring_inline_asm
../Core/Src/main.c:2109:6:vHandshakeTask	680	static
../Core/Src/main.c:2218:6:prvGenerateMACFromUID	32	static
../Core/Src/main.c:2243:6:MPU_Config	24	static
../Core/Src/main.c:2280:6:Error_Handler	4	static,ignoring_inline_asm
../Core/Src/main.c:2299:6:assert_failed	16	static
