../Core/Src/main.c:210:5:main	48	static,ignoring_inline_asm
../Core/Src/main.c:581:6:SystemClock_Config	128	static
../Core/Src/main.c:647:6:PeriphCommonClock_Config	200	static
../Core/Src/main.c:723:13:MX_I2C4_Init	8	static
../Core/Src/main.c:770:13:MX_RNG_Init	8	static
../Core/Src/main.c:796:13:MX_SPI1_Init	8	static
../Core/Src/main.c:843:13:MX_SPI2_Init	8	static
../Core/Src/main.c:890:13:MX_SPI3_Init	8	static
../Core/Src/main.c:937:13:MX_TIM1_Init	48	static
../Core/Src/main.c:983:13:MX_TIM2_Init	40	static
../Core/Src/main.c:1027:13:MX_TIM3_Init	48	static
../Core/Src/main.c:1071:13:MX_TIM4_Init	64	static
../Core/Src/main.c:1134:13:MX_TIM5_Init	48	static
../Core/Src/main.c:1178:13:MX_USART3_UART_Init	8	static
../Core/Src/main.c:1223:13:MX_DMA_Init	16	static
../Core/Src/main.c:1261:13:MX_GPIO_Init	56	static
../Core/Src/main.c:1353:13:vHeapInit	48	static
../Core/Src/main.c:1368:10:ulGetRunTimeCounterValue	4	static
../Core/Src/main.c:1373:6:vAssertCalled	24	static,ignoring_inline_asm
../Core/Src/main.c:1392:6:vApplicationMallocFailedHook	8	static
../Core/Src/main.c:1407:6:vApplicationGetIdleTaskMemory	24	static
../Core/Src/main.c:1434:6:vApplicationGetTimerTaskMemory	24	static
../Core/Src/main.c:1463:10:ulApplicationGetNextSequenceNumber	32	static
../Core/Src/main.c:1479:6:vApplicationIPNetworkEventHook	72	static
../Core/Src/main.c:1520:12:xApplicationDNSQueryHook	24	static
../Core/Src/main.c:1535:13:pcApplicationHostnameHook	4	static
../Core/Src/main.c:1545:6:vApplicationPingReplyHook	16	static
../Core/Src/main.c:1553:12:xApplicationGetRandomNumber	16	static
../Core/Src/main.c:1576:6:prvGetRegistersFromStack	16	static
../Core/Src/main.c:1587:6:HardFault_Handler	4	static,ignoring_inline_asm
../Core/Src/main.c:1598:13:prvServerWorkTask	16	static
../Core/Src/main.c:1654:13:vADCTCPTask	104	static
../Core/Src/main.c:1749:13:vAuxADCTCPTask	104	static
../Core/Src/main.c:1844:13:vTCADCTCPTask	104	static
../Core/Src/main.c:1940:6:vCommandServerTask	88	static
../Core/Src/main.c:2001:13:prvCommandHandlerTask	32	static,ignoring_inline_asm
../Core/Src/main.c:2112:6:vHandshakeTask	688	static
../Core/Src/main.c:2263:6:prvGenerateMACFromUID	32	static
../Core/Src/main.c:2288:6:MPU_Config	24	static
../Core/Src/main.c:2325:6:Error_Handler	4	static,ignoring_inline_asm
../Core/Src/main.c:2344:6:assert_failed	16	static
