../Core/Src/main.c:167:5:main	40	static,ignoring_inline_asm
../Core/Src/main.c:385:6:SystemClock_Config	128	static
../Core/Src/main.c:448:6:PeriphCommonClock_Config	200	static
../Core/Src/main.c:525:13:MX_I2C4_Init	8	static
../Core/Src/main.c:573:13:MX_SPI1_Init	8	static
../Core/Src/main.c:621:13:MX_SPI2_Init	8	static
../Core/Src/main.c:669:13:MX_SPI3_Init	8	static
../Core/Src/main.c:717:13:MX_TIM1_Init	40	static
../Core/Src/main.c:764:13:MX_TIM2_Init	40	static
../Core/Src/main.c:809:13:MX_TIM3_Init	40	static
../Core/Src/main.c:854:13:MX_USART3_UART_Init	8	static
../Core/Src/main.c:900:13:MX_DMA_Init	16	static
../Core/Src/main.c:927:13:MX_GPIO_Init	56	static
../Core/Src/main.c:1017:13:vHeapInit	48	static
../Core/Src/main.c:1034:10:ulGetRunTimeCounterValue	4	static
../Core/Src/main.c:1039:6:vAssertCalled	24	static,ignoring_inline_asm
../Core/Src/main.c:1058:6:vApplicationMallocFailedHook	8	static
../Core/Src/main.c:1073:6:vApplicationGetIdleTaskMemory	24	static
../Core/Src/main.c:1100:6:vApplicationGetTimerTaskMemory	24	static
../Core/Src/main.c:1129:10:ulApplicationGetNextSequenceNumber	32	static
../Core/Src/main.c:1145:6:vApplicationIPNetworkEventHook	48	static
../Core/Src/main.c:1180:12:xApplicationDNSQueryHook	24	static
../Core/Src/main.c:1195:13:pcApplicationHostnameHook	4	static
../Core/Src/main.c:1205:7:vApplicationPingReplyHook	16	static
../Core/Src/main.c:1213:12:xApplicationGetRandomNumber	16	static
../Core/Src/main.c:1234:6:prvGetRegistersFromStack	16	static
../Core/Src/main.c:1245:6:HardFault_Handler	4	static,ignoring_inline_asm
../Core/Src/main.c:1260:13:prvServerWorkTask	16	static
../Core/Src/main.c:1302:13:vNotifierTask	24	static
../Core/Src/main.c:1320:13:vADCTCPTask	104	static
../Core/Src/main.c:1458:13:vAuxADCTCPTask	96	static
../Core/Src/main.c:1587:6:MPU_Config	24	static
../Core/Src/main.c:1618:6:Error_Handler	4	static,ignoring_inline_asm
../Core/Src/main.c:1637:6:assert_failed	16	static
