../Core/Src/main.c:193:5:main	48	static,ignoring_inline_asm
../Core/Src/main.c:522:6:SystemClock_Config	128	static
../Core/Src/main.c:585:6:PeriphCommonClock_Config	200	static
../Core/Src/main.c:662:13:MX_I2C4_Init	8	static
../Core/Src/main.c:710:13:MX_SPI1_Init	8	static
../Core/Src/main.c:758:13:MX_SPI2_Init	8	static
../Core/Src/main.c:806:13:MX_SPI3_Init	8	static
../Core/Src/main.c:854:13:MX_TIM1_Init	40	static
../Core/Src/main.c:901:13:MX_TIM2_Init	40	static
../Core/Src/main.c:946:13:MX_TIM3_Init	40	static
../Core/Src/main.c:991:13:MX_TIM4_Init	64	static
../Core/Src/main.c:1055:13:MX_TIM5_Init	40	static
../Core/Src/main.c:1100:13:MX_USART3_UART_Init	8	static
../Core/Src/main.c:1146:13:MX_DMA_Init	16	static
../Core/Src/main.c:1185:13:MX_GPIO_Init	56	static
../Core/Src/main.c:1281:13:vHeapInit	48	static
../Core/Src/main.c:1298:10:ulGetRunTimeCounterValue	4	static
../Core/Src/main.c:1303:6:vAssertCalled	24	static,ignoring_inline_asm
../Core/Src/main.c:1322:6:vApplicationMallocFailedHook	8	static
../Core/Src/main.c:1337:6:vApplicationGetIdleTaskMemory	24	static
../Core/Src/main.c:1364:6:vApplicationGetTimerTaskMemory	24	static
../Core/Src/main.c:1393:10:ulApplicationGetNextSequenceNumber	32	static
../Core/Src/main.c:1409:6:vApplicationIPNetworkEventHook	48	static
../Core/Src/main.c:1444:12:xApplicationDNSQueryHook	24	static
../Core/Src/main.c:1459:13:pcApplicationHostnameHook	4	static
../Core/Src/main.c:1469:7:vApplicationPingReplyHook	16	static
../Core/Src/main.c:1477:12:xApplicationGetRandomNumber	16	static
../Core/Src/main.c:1498:6:prvGetRegistersFromStack	16	static
../Core/Src/main.c:1509:6:HardFault_Handler	4	static,ignoring_inline_asm
../Core/Src/main.c:1524:13:prvServerWorkTask	16	static
../Core/Src/main.c:1566:13:vNotifierTask	24	static
../Core/Src/main.c:1584:13:vADCTCPTask	104	static
../Core/Src/main.c:1722:13:vAuxADCTCPTask	104	static
../Core/Src/main.c:1860:13:vTCADCTCPTask	104	static
../Core/Src/main.c:1998:6:vCommandServerTask	88	static
../Core/Src/main.c:2060:13:prvCommandHandlerTask	24	static
../Core/Src/main.c:2153:6:MPU_Config	24	static
../Core/Src/main.c:2191:6:Error_Handler	4	static,ignoring_inline_asm
../Core/Src/main.c:2210:6:assert_failed	16	static
