../Core/Src/main.c:196:5:main	48	static,ignoring_inline_asm
../Core/Src/main.c:557:6:SystemClock_Config	128	static
../Core/Src/main.c:621:6:PeriphCommonClock_Config	200	static
../Core/Src/main.c:698:13:MX_I2C4_Init	8	static
../Core/Src/main.c:746:13:MX_RNG_Init	8	static
../Core/Src/main.c:773:13:MX_SPI1_Init	8	static
../Core/Src/main.c:821:13:MX_SPI2_Init	8	static
../Core/Src/main.c:869:13:MX_SPI3_Init	8	static
../Core/Src/main.c:917:13:MX_TIM1_Init	40	static
../Core/Src/main.c:964:13:MX_TIM2_Init	40	static
../Core/Src/main.c:1009:13:MX_TIM3_Init	40	static
../Core/Src/main.c:1054:13:MX_TIM4_Init	64	static
../Core/Src/main.c:1118:13:MX_TIM5_Init	40	static
../Core/Src/main.c:1163:13:MX_USART3_UART_Init	8	static
../Core/Src/main.c:1209:13:MX_DMA_Init	16	static
../Core/Src/main.c:1248:13:MX_GPIO_Init	56	static
../Core/Src/main.c:1344:13:vHeapInit	48	static
../Core/Src/main.c:1359:10:ulGetRunTimeCounterValue	4	static
../Core/Src/main.c:1364:6:vAssertCalled	24	static,ignoring_inline_asm
../Core/Src/main.c:1383:6:vApplicationMallocFailedHook	8	static
../Core/Src/main.c:1398:6:vApplicationGetIdleTaskMemory	24	static
../Core/Src/main.c:1425:6:vApplicationGetTimerTaskMemory	24	static
../Core/Src/main.c:1454:10:ulApplicationGetNextSequenceNumber	32	static
../Core/Src/main.c:1470:6:vApplicationIPNetworkEventHook	48	static
../Core/Src/main.c:1507:12:xApplicationDNSQueryHook	24	static
../Core/Src/main.c:1522:13:pcApplicationHostnameHook	4	static
../Core/Src/main.c:1532:6:vApplicationPingReplyHook	16	static
../Core/Src/main.c:1540:12:xApplicationGetRandomNumber	16	static
../Core/Src/main.c:1563:6:prvGetRegistersFromStack	16	static
../Core/Src/main.c:1574:6:HardFault_Handler	4	static,ignoring_inline_asm
../Core/Src/main.c:1585:13:prvServerWorkTask	16	static
../Core/Src/main.c:1625:13:vNotifierTask	24	static
../Core/Src/main.c:1641:13:vADCTCPTask	104	static
../Core/Src/main.c:1736:13:vAuxADCTCPTask	104	static
../Core/Src/main.c:1831:13:vTCADCTCPTask	104	static
../Core/Src/main.c:1926:6:vCommandServerTask	88	static
../Core/Src/main.c:1987:13:prvCommandHandlerTask	32	static,ignoring_inline_asm
../Core/Src/main.c:2099:6:MPU_Config	24	static
../Core/Src/main.c:2137:6:Error_Handler	4	static,ignoring_inline_asm
../Core/Src/main.c:2156:6:assert_failed	16	static
