../Core/Src/main.c:171:5:main	40	static,ignoring_inline_asm
../Core/Src/main.c:397:6:SystemClock_Config	128	static
../Core/Src/main.c:460:6:PeriphCommonClock_Config	200	static
../Core/Src/main.c:537:13:MX_I2C4_Init	8	static
../Core/Src/main.c:585:13:MX_SPI1_Init	8	static
../Core/Src/main.c:633:13:MX_SPI2_Init	8	static
../Core/Src/main.c:681:13:MX_SPI3_Init	8	static
../Core/Src/main.c:729:13:MX_TIM1_Init	40	static
../Core/Src/main.c:776:13:MX_TIM2_Init	40	static
../Core/Src/main.c:821:13:MX_TIM3_Init	40	static
../Core/Src/main.c:866:13:MX_TIM4_Init	64	static
../Core/Src/main.c:930:13:MX_USART3_UART_Init	8	static
../Core/Src/main.c:976:13:MX_DMA_Init	16	static
../Core/Src/main.c:1009:13:MX_GPIO_Init	56	static
../Core/Src/main.c:1105:13:vHeapInit	48	static
../Core/Src/main.c:1122:10:ulGetRunTimeCounterValue	4	static
../Core/Src/main.c:1127:6:vAssertCalled	24	static,ignoring_inline_asm
../Core/Src/main.c:1146:6:vApplicationMallocFailedHook	8	static
../Core/Src/main.c:1161:6:vApplicationGetIdleTaskMemory	24	static
../Core/Src/main.c:1188:6:vApplicationGetTimerTaskMemory	24	static
../Core/Src/main.c:1217:10:ulApplicationGetNextSequenceNumber	32	static
../Core/Src/main.c:1233:6:vApplicationIPNetworkEventHook	48	static
../Core/Src/main.c:1268:12:xApplicationDNSQueryHook	24	static
../Core/Src/main.c:1283:13:pcApplicationHostnameHook	4	static
../Core/Src/main.c:1293:7:vApplicationPingReplyHook	16	static
../Core/Src/main.c:1301:12:xApplicationGetRandomNumber	16	static
../Core/Src/main.c:1322:6:prvGetRegistersFromStack	16	static
../Core/Src/main.c:1333:6:HardFault_Handler	4	static,ignoring_inline_asm
../Core/Src/main.c:1348:13:prvServerWorkTask	16	static
../Core/Src/main.c:1390:13:vNotifierTask	24	static
../Core/Src/main.c:1408:13:vADCTCPTask	104	static
../Core/Src/main.c:1546:13:vAuxADCTCPTask	96	static
../Core/Src/main.c:1675:6:MPU_Config	24	static
../Core/Src/main.c:1706:6:Error_Handler	4	static,ignoring_inline_asm
../Core/Src/main.c:1725:6:assert_failed	16	static
