../Core/Src/stm32h7xx_it.c:82:6:NMI_Handler	4	static
../Core/Src/stm32h7xx_it.c:97:6:MemManage_Handler	4	static
../Core/Src/stm32h7xx_it.c:112:6:BusFault_Handler	4	static
../Core/Src/stm32h7xx_it.c:127:6:UsageFault_Handler	4	static
../Core/Src/stm32h7xx_it.c:142:6:DebugMon_Handler	4	static
../Core/Src/stm32h7xx_it.c:155:6:SysTick_Handler	8	static
../Core/Src/stm32h7xx_it.c:179:6:DMA1_Stream0_IRQHandler	32	static,ignoring_inline_asm
../Core/Src/stm32h7xx_it.c:222:6:DMA1_Stream1_IRQHandler	32	static,ignoring_inline_asm
../Core/Src/stm32h7xx_it.c:265:6:DMA1_Stream2_IRQHandler	8	static
../Core/Src/stm32h7xx_it.c:279:6:DMA1_Stream3_IRQHandler	8	static
../Core/Src/stm32h7xx_it.c:293:6:DMA1_Stream4_IRQHandler	8	static
../Core/Src/stm32h7xx_it.c:307:6:DMA1_Stream5_IRQHandler	8	static
../Core/Src/stm32h7xx_it.c:321:6:DMA1_Stream6_IRQHandler	8	static
../Core/Src/stm32h7xx_it.c:335:6:SPI1_IRQHandler	8	static
../Core/Src/stm32h7xx_it.c:349:6:SPI2_IRQHandler	8	static
../Core/Src/stm32h7xx_it.c:363:6:DMA1_Stream7_IRQHandler	8	static
../Core/Src/stm32h7xx_it.c:377:6:SPI3_IRQHandler	8	static
