../Core/Src/stm32h7xx_it.c:79:6:NMI_Handler	4	static
../Core/Src/stm32h7xx_it.c:94:6:MemManage_Handler	4	static
../Core/Src/stm32h7xx_it.c:109:6:BusFault_Handler	4	static
../Core/Src/stm32h7xx_it.c:124:6:UsageFault_Handler	4	static
../Core/Src/stm32h7xx_it.c:139:6:DebugMon_Handler	4	static
../Core/Src/stm32h7xx_it.c:152:6:SysTick_Handler	8	static
../Core/Src/stm32h7xx_it.c:176:6:DMA1_Stream0_IRQHandler	32	static,ignoring_inline_asm
../Core/Src/stm32h7xx_it.c:219:6:DMA1_Stream1_IRQHandler	32	static,ignoring_inline_asm
../Core/Src/stm32h7xx_it.c:262:6:DMA1_Stream2_IRQHandler	8	static
../Core/Src/stm32h7xx_it.c:276:6:DMA1_Stream3_IRQHandler	8	static
../Core/Src/stm32h7xx_it.c:290:6:DMA1_Stream4_IRQHandler	8	static
../Core/Src/stm32h7xx_it.c:304:6:DMA1_Stream5_IRQHandler	8	static
../Core/Src/stm32h7xx_it.c:318:6:SPI1_IRQHandler	8	static
../Core/Src/stm32h7xx_it.c:332:6:SPI2_IRQHandler	8	static
