../Drivers/FreeRTOS-Plus-TCP/FreeRTOS_ND.c:115:32:pxFindLocalEndpoint	16	static
../Drivers/FreeRTOS-Plus-TCP/FreeRTOS_ND.c:146:31:prvMACResolve	32	static
../Drivers/FreeRTOS-Plus-TCP/FreeRTOS_ND.c:184:24:eNDGetCacheEntry	40	static
../Drivers/FreeRTOS-Plus-TCP/FreeRTOS_ND.c:279:10:vNDRefreshCacheEntry	72	static
../Drivers/FreeRTOS-Plus-TCP/FreeRTOS_ND.c:353:10:vNDAgeCache	24	static
../Drivers/FreeRTOS-Plus-TCP/FreeRTOS_ND.c:419:10:FreeRTOS_ClearND	8	static
../Drivers/FreeRTOS-Plus-TCP/FreeRTOS_ND.c:434:31:prvNDCacheLookup	72	static
../Drivers/FreeRTOS-Plus-TCP/FreeRTOS_ND.c:494:14:FreeRTOS_PrintNDCache	120	static
../Drivers/FreeRTOS-Plus-TCP/FreeRTOS_ND.c:533:17:prvReturnICMP_IPv6	24	static
../Drivers/FreeRTOS-Plus-TCP/FreeRTOS_ND.c:581:10:vNDSendNeighbourSolicitation	80	static
../Drivers/FreeRTOS-Plus-TCP/FreeRTOS_ND.c:699:20:FreeRTOS_SendPingRequestIPv6	80	static
../Drivers/FreeRTOS-Plus-TCP/FreeRTOS_ND.c:853:29:pcMessageType	24	static
../Drivers/FreeRTOS-Plus-TCP/FreeRTOS_ND.c:914:17:prvCheckWaitingBuffer	40	static
../Drivers/FreeRTOS-Plus-TCP/FreeRTOS_ND.c:956:30:prvProcessICMPMessage_IPv6	144	static
../Drivers/FreeRTOS-Plus-TCP/FreeRTOS_ND.c:1160:10:FreeRTOS_OutputAdvertiseIPv6	48	static
../Drivers/FreeRTOS-Plus-TCP/FreeRTOS_ND.c:1251:16:FreeRTOS_CreateIPv6Address	72	static
