../Drivers/FreeRTOS-Plus-TCP/FreeRTOS_TCP_WIN.c:239:38:xSequenceLessThanOrEqual	24	static
../Drivers/FreeRTOS-Plus-TCP/FreeRTOS_TCP_WIN.c:266:16:xSequenceLessThan	24	static
../Drivers/FreeRTOS-Plus-TCP/FreeRTOS_TCP_WIN.c:290:16:xSequenceGreaterThan	24	static
../Drivers/FreeRTOS-Plus-TCP/FreeRTOS_TCP_WIN.c:317:34:xSequenceGreaterThanOrEqual	24	static
../Drivers/FreeRTOS-Plus-TCP/FreeRTOS_TCP_WIN.c:342:32:vListInsertFifo	16	static
../Drivers/FreeRTOS-Plus-TCP/FreeRTOS_TCP_WIN.c:357:28:vTCPTimerSet	16	static
../Drivers/FreeRTOS-Plus-TCP/FreeRTOS_TCP_WIN.c:372:32:ulTimerGetAge	24	static
../Drivers/FreeRTOS-Plus-TCP/FreeRTOS_TCP_WIN.c:389:21:vListInsertGeneric	24	static
../Drivers/FreeRTOS-Plus-TCP/FreeRTOS_TCP_WIN.c:421:27:prvCreateSectors	16	static
../Drivers/FreeRTOS-Plus-TCP/FreeRTOS_TCP_WIN.c:480:31:xTCPWindowRxFind	32	static
../Drivers/FreeRTOS-Plus-TCP/FreeRTOS_TCP_WIN.c:525:31:xTCPWindowNew	40	static
../Drivers/FreeRTOS-Plus-TCP/FreeRTOS_TCP_WIN.c:600:20:xTCPWindowRxEmpty	24	static
../Drivers/FreeRTOS-Plus-TCP/FreeRTOS_TCP_WIN.c:642:31:xTCPWindowGetHead	24	static
../Drivers/FreeRTOS-Plus-TCP/FreeRTOS_TCP_WIN.c:674:31:xTCPWindowPeekHead	24	static
../Drivers/FreeRTOS-Plus-TCP/FreeRTOS_TCP_WIN.c:702:21:vTCPWindowFree	16	static
../Drivers/FreeRTOS-Plus-TCP/FreeRTOS_TCP_WIN.c:736:14:vTCPWindowDestroy	32	static
../Drivers/FreeRTOS-Plus-TCP/FreeRTOS_TCP_WIN.c:780:16:xTCPWindowCreate	32	static
../Drivers/FreeRTOS-Plus-TCP/FreeRTOS_TCP_WIN.c:830:10:vTCPWindowInit	32	static
../Drivers/FreeRTOS-Plus-TCP/FreeRTOS_TCP_WIN.c:892:14:vTCPSegmentCleanup	8	static
../Drivers/FreeRTOS-Plus-TCP/FreeRTOS_TCP_WIN.c:932:31:xTCPWindowRxConfirm	80	static
../Drivers/FreeRTOS-Plus-TCP/FreeRTOS_TCP_WIN.c:1001:21:prvTCPWindowRx_ExpectedRX	56	static
../Drivers/FreeRTOS-Plus-TCP/FreeRTOS_TCP_WIN.c:1080:24:prvTCPWindowRx_UnexpectedRX	80	static
../Drivers/FreeRTOS-Plus-TCP/FreeRTOS_TCP_WIN.c:1193:17:lTCPWindowRxCheck	56	static
../Drivers/FreeRTOS-Plus-TCP/FreeRTOS_TCP_WIN.c:1336:24:lTCPIncrementTxPosition	32	static
../Drivers/FreeRTOS-Plus-TCP/FreeRTOS_TCP_WIN.c:1370:24:prvTCPWindowTxAdd_FrontSegment	40	static
../Drivers/FreeRTOS-Plus-TCP/FreeRTOS_TCP_WIN.c:1417:17:lTCPWindowTxAdd	48	static
../Drivers/FreeRTOS-Plus-TCP/FreeRTOS_TCP_WIN.c:1505:20:xTCPWindowTxDone	16	static
../Drivers/FreeRTOS-Plus-TCP/FreeRTOS_TCP_WIN.c:1522:27:prvTCPWindowTxHasSpace	32	static
../Drivers/FreeRTOS-Plus-TCP/FreeRTOS_TCP_WIN.c:1593:20:xTCPWindowTxHasData	48	static
../Drivers/FreeRTOS-Plus-TCP/FreeRTOS_TCP_WIN.c:1680:31:pxTCPWindowTx_GetWaitQueue	40	static
../Drivers/FreeRTOS-Plus-TCP/FreeRTOS_TCP_WIN.c:1733:31:pxTCPWindowTx_GetTXQueue	40	static
../Drivers/FreeRTOS-Plus-TCP/FreeRTOS_TCP_WIN.c:1800:18:ulTCPWindowTxGet	56	static
../Drivers/FreeRTOS-Plus-TCP/FreeRTOS_TCP_WIN.c:1900:21:prvTCPWindowTxCheckAck_CalcSRTT	24	static
../Drivers/FreeRTOS-Plus-TCP/FreeRTOS_TCP_WIN.c:1939:25:prvTCPWindowTxCheckAck	80	static
../Drivers/FreeRTOS-Plus-TCP/FreeRTOS_TCP_WIN.c:2092:25:prvTCPWindowFastRetransmit	32	static
../Drivers/FreeRTOS-Plus-TCP/FreeRTOS_TCP_WIN.c:2168:18:ulTCPWindowTxAck	24	static
../Drivers/FreeRTOS-Plus-TCP/FreeRTOS_TCP_WIN.c:2204:18:ulTCPWindowTxSack	48	static
