../Drivers/FreeRTOS-Plus-TCP/FreeRTOS_TCP_Transmission.c:87:23:prvTCPMakeSurePrepared	24	static
../Drivers/FreeRTOS-Plus-TCP/FreeRTOS_TCP_Transmission.c:113:13:prvTCPSendPacket	40	static
../Drivers/FreeRTOS-Plus-TCP/FreeRTOS_TCP_Transmission.c:204:13:prvTCPSendRepeated	32	static
../Drivers/FreeRTOS-Plus-TCP/FreeRTOS_TCP_Transmission.c:252:10:prvTCPReturnPacket	32	static
../Drivers/FreeRTOS-Plus-TCP/FreeRTOS_TCP_Transmission.c:307:10:prvTCPReturn_CheckTCPWindow	48	static
../Drivers/FreeRTOS-Plus-TCP/FreeRTOS_TCP_Transmission.c:393:10:prvTCPReturn_SetSequenceNumber	40	static
../Drivers/FreeRTOS-Plus-TCP/FreeRTOS_TCP_Transmission.c:455:16:prvTCPCreateWindow	48	static
../Drivers/FreeRTOS-Plus-TCP/FreeRTOS_TCP_Transmission.c:497:23:prvTCPPrepareConnect	24	static
../Drivers/FreeRTOS-Plus-TCP/FreeRTOS_TCP_Transmission.c:533:24:prvWinScaleFactor	24	static
../Drivers/FreeRTOS-Plus-TCP/FreeRTOS_TCP_Transmission.c:576:17:prvSetSynAckOptions	24	static
../Drivers/FreeRTOS-Plus-TCP/FreeRTOS_TCP_Transmission.c:633:33:prvTCPBufferResize	40	static
../Drivers/FreeRTOS-Plus-TCP/FreeRTOS_TCP_Transmission.c:732:10:prvTCPReturn_SetEndPoint	32	static
../Drivers/FreeRTOS-Plus-TCP/FreeRTOS_TCP_Transmission.c:816:13:prvTCPPrepareSend	96	static
../Drivers/FreeRTOS-Plus-TCP/FreeRTOS_TCP_Transmission.c:1033:10:prvTCPAddTxData	24	static
../Drivers/FreeRTOS-Plus-TCP/FreeRTOS_TCP_Transmission.c:1076:17:prvSetOptions	56	static
../Drivers/FreeRTOS-Plus-TCP/FreeRTOS_TCP_Transmission.c:1164:16:prvSendData	96	static
../Drivers/FreeRTOS-Plus-TCP/FreeRTOS_TCP_Transmission.c:1317:16:prvTCPSendSpecialPacketHelper	24	static
../Drivers/FreeRTOS-Plus-TCP/FreeRTOS_TCP_Transmission.c:1363:16:prvTCPSendChallengeAck	16	static
../Drivers/FreeRTOS-Plus-TCP/FreeRTOS_TCP_Transmission.c:1376:16:prvTCPSendReset	16	static
