../Drivers/FreeRTOS-Plus-TCP/FreeRTOS_DNS.c:201:18:FreeRTOS_gethostbyname	16	static
../Drivers/FreeRTOS-Plus-TCP/FreeRTOS_DNS.c:212:14:vDNSInitialise	8	static
../Drivers/FreeRTOS-Plus-TCP/FreeRTOS_DNS.c:227:14:FreeRTOS_gethostbyname_cancel	16	static
../Drivers/FreeRTOS-Plus-TCP/FreeRTOS_DNS.c:247:20:FreeRTOS_getaddrinfo	40	static
../Drivers/FreeRTOS-Plus-TCP/FreeRTOS_DNS.c:267:32:pxNew_AddrInfo	40	static
../Drivers/FreeRTOS-Plus-TCP/FreeRTOS_DNS.c:333:10:FreeRTOS_freeaddrinfo	24	static
../Drivers/FreeRTOS-Plus-TCP/FreeRTOS_DNS.c:365:20:FreeRTOS_getaddrinfo_a	48	static
../Drivers/FreeRTOS-Plus-TCP/FreeRTOS_DNS.c:484:18:FreeRTOS_gethostbyname_a	40	static
../Drivers/FreeRTOS-Plus-TCP/FreeRTOS_DNS.c:513:25:prvPrepare_ReadIPAddress	56	static
../Drivers/FreeRTOS-Plus-TCP/FreeRTOS_DNS.c:585:25:prvPrepareLookup	64	static
../Drivers/FreeRTOS-Plus-TCP/FreeRTOS_DNS.c:742:21:prvIncreaseDNS6Index	24	static
../Drivers/FreeRTOS-Plus-TCP/FreeRTOS_DNS.c:777:21:prvIncreaseDNS4Index	24	static
../Drivers/FreeRTOS-Plus-TCP/FreeRTOS_DNS.c:812:22:prvGetPayloadBuffer	32	static
../Drivers/FreeRTOS-Plus-TCP/FreeRTOS_DNS.c:845:32:prvFillSockAddress	64	static
../Drivers/FreeRTOS-Plus-TCP/FreeRTOS_DNS.c:1076:21:prvDNSReply	48	static
../Drivers/FreeRTOS-Plus-TCP/FreeRTOS_DNS.c:1137:23:prvSendBuffer	56	static
../Drivers/FreeRTOS-Plus-TCP/FreeRTOS_DNS.c:1244:21:prvGetHostByNameOp	112	static
../Drivers/FreeRTOS-Plus-TCP/FreeRTOS_DNS.c:1374:21:prvGetHostByNameOp_WithRetry	40	static
../Drivers/FreeRTOS-Plus-TCP/FreeRTOS_DNS.c:1416:21:prvGetHostByName	40	static
../Drivers/FreeRTOS-Plus-TCP/FreeRTOS_DNS.c:1467:19:prvCreateDNSMessage	64	static
../Drivers/FreeRTOS-Plus-TCP/FreeRTOS_DNS.c:1582:14:ulDNSHandlePacket	40	static
../Drivers/FreeRTOS-Plus-TCP/FreeRTOS_DNS.c:1657:16:FreeRTOS_SetDNSIPPreference	24	static
