../Drivers/FreeRTOS-Plus-TCP/FreeRTOS_Sockets.c:402:19:prvValidSocket	32	static
../Drivers/FreeRTOS-Plus-TCP/FreeRTOS_Sockets.c:434:6:vNetworkSocketsInit	8	static
../Drivers/FreeRTOS-Plus-TCP/FreeRTOS_Sockets.c:458:19:prvDetermineSocketSize	32	static
../Drivers/FreeRTOS-Plus-TCP/FreeRTOS_Sockets.c:560:17:prvInitialiseTCPFields	24	static
../Drivers/FreeRTOS-Plus-TCP/FreeRTOS_Sockets.c:613:10:FreeRTOS_socket	48	static
../Drivers/FreeRTOS-Plus-TCP/FreeRTOS_Sockets.c:776:17:FreeRTOS_CreateSocketSet	16	static
../Drivers/FreeRTOS-Plus-TCP/FreeRTOS_Sockets.c:815:10:FreeRTOS_DeleteSocketSet	24	static
../Drivers/FreeRTOS-Plus-TCP/FreeRTOS_Sockets.c:842:10:FreeRTOS_FD_SET	32	static
../Drivers/FreeRTOS-Plus-TCP/FreeRTOS_Sockets.c:883:10:FreeRTOS_FD_CLR	32	static
../Drivers/FreeRTOS-Plus-TCP/FreeRTOS_Sockets.c:921:17:FreeRTOS_FD_ISSET	24	static
../Drivers/FreeRTOS-Plus-TCP/FreeRTOS_Sockets.c:966:16:FreeRTOS_select	48	static
../Drivers/FreeRTOS-Plus-TCP/FreeRTOS_Sockets.c:1031:17:prvFindSelectedSocket	32	static
../Drivers/FreeRTOS-Plus-TCP/FreeRTOS_Sockets.c:1090:36:prvRecvFromWaitForPacket	64	static
../Drivers/FreeRTOS-Plus-TCP/FreeRTOS_Sockets.c:1206:16:prvRecvFrom_CopyPacket	32	static
../Drivers/FreeRTOS-Plus-TCP/FreeRTOS_Sockets.c:1263:9:FreeRTOS_recvfrom	64	static
../Drivers/FreeRTOS-Plus-TCP/FreeRTOS_Sockets.c:1368:19:prvMakeSureSocketIsBound	24	static
../Drivers/FreeRTOS-Plus-TCP/FreeRTOS_Sockets.c:1399:16:prvSendUDPPacket	40	static
../Drivers/FreeRTOS-Plus-TCP/FreeRTOS_Sockets.c:1483:16:prvSendTo_ActualSend	64	static
../Drivers/FreeRTOS-Plus-TCP/FreeRTOS_Sockets.c:1573:9:FreeRTOS_sendto	72	static
../Drivers/FreeRTOS-Plus-TCP/FreeRTOS_Sockets.c:1673:12:FreeRTOS_bind	72	static
../Drivers/FreeRTOS-Plus-TCP/FreeRTOS_Sockets.c:1786:19:prvSocketBindAdd	32	static
../Drivers/FreeRTOS-Plus-TCP/FreeRTOS_Sockets.c:1890:12:vSocketBind	64	static
../Drivers/FreeRTOS-Plus-TCP/FreeRTOS_Sockets.c:2009:12:FreeRTOS_closesocket	32	static
../Drivers/FreeRTOS-Plus-TCP/FreeRTOS_Sockets.c:2080:8:vSocketClose	32	static
../Drivers/FreeRTOS-Plus-TCP/FreeRTOS_Sockets.c:2181:18:prvSocketProps	32	static
../Drivers/FreeRTOS-Plus-TCP/FreeRTOS_Sockets.c:2275:17:prvTCPSetSocketCount	40	static
../Drivers/FreeRTOS-Plus-TCP/FreeRTOS_Sockets.c:2352:23:prvSockopt_so_buffer	32	static
../Drivers/FreeRTOS-Plus-TCP/FreeRTOS_Sockets.c:2410:16:prvSetOptionCallback	32	static
../Drivers/FreeRTOS-Plus-TCP/FreeRTOS_Sockets.c:2488:23:prvSetOptionTCPWindows	32	static
../Drivers/FreeRTOS-Plus-TCP/FreeRTOS_Sockets.c:2558:23:prvSetOptionLowHighWater	24	static
../Drivers/FreeRTOS-Plus-TCP/FreeRTOS_Sockets.c:2599:23:prvSetOptionSetFullSize	24	static
../Drivers/FreeRTOS-Plus-TCP/FreeRTOS_Sockets.c:2642:23:prvSetOptionStopRX	24	static
../Drivers/FreeRTOS-Plus-TCP/FreeRTOS_Sockets.c:2681:13:prvSetOptionTimeout	32	static
../Drivers/FreeRTOS-Plus-TCP/FreeRTOS_Sockets.c:2726:23:prvSetOptionReuseListenSocket	24	static
../Drivers/FreeRTOS-Plus-TCP/FreeRTOS_Sockets.c:2761:23:prvSetOptionCloseAfterSend	24	static
../Drivers/FreeRTOS-Plus-TCP/FreeRTOS_Sockets.c:2802:12:FreeRTOS_setsockopt	32	static
../Drivers/FreeRTOS-Plus-TCP/FreeRTOS_Sockets.c:2967:17:prvGetPrivatePortNumber	32	static
../Drivers/FreeRTOS-Plus-TCP/FreeRTOS_Sockets.c:3035:27:pxListFindListItemWithValue	32	static
../Drivers/FreeRTOS-Plus-TCP/FreeRTOS_Sockets.c:3074:21:pxUDPSocketLookup	24	static
../Drivers/FreeRTOS-Plus-TCP/FreeRTOS_Sockets.c:3112:14:FreeRTOS_inet_ntoa	48	static
../Drivers/FreeRTOS-Plus-TCP/FreeRTOS_Sockets.c:3185:12:FreeRTOS_inet_pton	32	static
../Drivers/FreeRTOS-Plus-TCP/FreeRTOS_Sockets.c:3230:14:FreeRTOS_inet_ntop	32	static
../Drivers/FreeRTOS-Plus-TCP/FreeRTOS_Sockets.c:3272:9:ucASCIIToHex	24	static
../Drivers/FreeRTOS-Plus-TCP/FreeRTOS_Sockets.c:3317:6:FreeRTOS_EUI48_ntop	40	static
../Drivers/FreeRTOS-Plus-TCP/FreeRTOS_Sockets.c:3383:12:FreeRTOS_EUI48_pton	48	static
../Drivers/FreeRTOS-Plus-TCP/FreeRTOS_Sockets.c:3459:14:FreeRTOS_inet_addr	24	static
../Drivers/FreeRTOS-Plus-TCP/FreeRTOS_Sockets.c:3484:8:FreeRTOS_GetLocalAddress	24	static
../Drivers/FreeRTOS-Plus-TCP/FreeRTOS_Sockets.c:3528:6:vSocketWakeUpUser	24	static
../Drivers/FreeRTOS-Plus-TCP/FreeRTOS_Sockets.c:3589:16:xPortHasUDPSocket	24	static
../Drivers/FreeRTOS-Plus-TCP/FreeRTOS_Sockets.c:3618:23:bMayConnect	24	static
../Drivers/FreeRTOS-Plus-TCP/FreeRTOS_Sockets.c:3667:23:prvTCPConnectStart	24	static
../Drivers/FreeRTOS-Plus-TCP/FreeRTOS_Sockets.c:3773:16:FreeRTOS_connect	88	static
../Drivers/FreeRTOS-Plus-TCP/FreeRTOS_Sockets.c:3883:32:prvAcceptWaitClient	32	static
../Drivers/FreeRTOS-Plus-TCP/FreeRTOS_Sockets.c:3987:14:FreeRTOS_accept	64	static
../Drivers/FreeRTOS-Plus-TCP/FreeRTOS_Sockets.c:4091:23:prvRecvData	48	static
../Drivers/FreeRTOS-Plus-TCP/FreeRTOS_Sockets.c:4147:23:prvRecvWait	64	static
../Drivers/FreeRTOS-Plus-TCP/FreeRTOS_Sockets.c:4264:16:FreeRTOS_recv	40	static
../Drivers/FreeRTOS-Plus-TCP/FreeRTOS_Sockets.c:4331:20:prvTCPSendCheck	24	static
../Drivers/FreeRTOS-Plus-TCP/FreeRTOS_Sockets.c:4394:15:FreeRTOS_get_tx_base	32	static
../Drivers/FreeRTOS-Plus-TCP/FreeRTOS_Sockets.c:4437:15:FreeRTOS_get_tx_head	40	static
../Drivers/FreeRTOS-Plus-TCP/FreeRTOS_Sockets.c:4497:23:prvTCPSendLoop	72	static
../Drivers/FreeRTOS-Plus-TCP/FreeRTOS_Sockets.c:4657:16:FreeRTOS_send	32	static
../Drivers/FreeRTOS-Plus-TCP/FreeRTOS_Sockets.c:4716:16:FreeRTOS_listen	24	static
../Drivers/FreeRTOS-Plus-TCP/FreeRTOS_Sockets.c:4787:16:FreeRTOS_shutdown	24	static
../Drivers/FreeRTOS-Plus-TCP/FreeRTOS_Sockets.c:4837:16:xTCPTimerCheck	48	static
../Drivers/FreeRTOS-Plus-TCP/FreeRTOS_Sockets.c:4941:25:pxTCPSocketLookup	40	static
../Drivers/FreeRTOS-Plus-TCP/FreeRTOS_Sockets.c:5023:35:FreeRTOS_get_rx_buf	24	static
../Drivers/FreeRTOS-Plus-TCP/FreeRTOS_Sockets.c:5052:29:prvTCPCreateStream	40	static
../Drivers/FreeRTOS-Plus-TCP/FreeRTOS_Sockets.c:5160:17:vTCPAddRxdata_Callback	48	static
../Drivers/FreeRTOS-Plus-TCP/FreeRTOS_Sockets.c:5206:17:vTCPAddRxdata_Stored	24	static
../Drivers/FreeRTOS-Plus-TCP/FreeRTOS_Sockets.c:5253:13:lTCPAddRxdata	64	static
../Drivers/FreeRTOS-Plus-TCP/FreeRTOS_Sockets.c:5355:16:FreeRTOS_GetRemoteAddress	24	static
../Drivers/FreeRTOS-Plus-TCP/FreeRTOS_Sockets.c:5424:16:FreeRTOS_maywrite	24	static
../Drivers/FreeRTOS-Plus-TCP/FreeRTOS_Sockets.c:5466:16:FreeRTOS_tx_space	24	static
../Drivers/FreeRTOS-Plus-TCP/FreeRTOS_Sockets.c:5504:16:FreeRTOS_tx_size	24	static
../Drivers/FreeRTOS-Plus-TCP/FreeRTOS_Sockets.c:5541:16:FreeRTOS_issocketconnected	24	static
../Drivers/FreeRTOS-Plus-TCP/FreeRTOS_Sockets.c:5577:16:FreeRTOS_mss	24	static
../Drivers/FreeRTOS-Plus-TCP/FreeRTOS_Sockets.c:5613:16:FreeRTOS_connstatus	24	static
../Drivers/FreeRTOS-Plus-TCP/FreeRTOS_Sockets.c:5645:16:FreeRTOS_rx_size	24	static
../Drivers/FreeRTOS-Plus-TCP/FreeRTOS_Sockets.c:5677:12:xSocketValid	24	static
../Drivers/FreeRTOS-Plus-TCP/FreeRTOS_Sockets.c:5734:10:FreeRTOS_netstat	16	static
../Drivers/FreeRTOS-Plus-TCP/FreeRTOS_Sockets.c:5755:12:xSocketSetSocketID	24	static
../Drivers/FreeRTOS-Plus-TCP/FreeRTOS_Sockets.c:5778:8:pvSocketGetSocketID	24	static
../Drivers/FreeRTOS-Plus-TCP/FreeRTOS_Sockets.c:5799:12:FreeRTOS_GetIPType	24	static
../Drivers/FreeRTOS-Plus-TCP/FreeRTOS_Sockets.c:5834:17:vTCPNetStat_TCPSocket	136	static
../Drivers/FreeRTOS-Plus-TCP/FreeRTOS_Sockets.c:5905:10:vTCPNetStat	48	static
../Drivers/FreeRTOS-Plus-TCP/FreeRTOS_Sockets.c:5968:28:vSocketSelectTCP	32	static
../Drivers/FreeRTOS-Plus-TCP/FreeRTOS_Sockets.c:6062:10:vSocketSelect	48	static
