../Drivers/FreeRTOS-Plus-TCP/FreeRTOS_IP.c:220:13:prvIPTask	16	static
../Drivers/FreeRTOS-Plus-TCP/FreeRTOS_IP.c:240:13:prvProcessIPEventsAndTimers	64	static
../Drivers/FreeRTOS-Plus-TCP/FreeRTOS_IP.c:477:13:prvIPTask_Initialise	16	static
../Drivers/FreeRTOS-Plus-TCP/FreeRTOS_IP.c:531:13:prvIPTask_CheckPendingEvents	16	static
../Drivers/FreeRTOS-Plus-TCP/FreeRTOS_IP.c:563:13:prvCallDHCP_RA_Handler	24	static
../Drivers/FreeRTOS-Plus-TCP/FreeRTOS_IP.c:614:14:FreeRTOS_GetIPTaskHandle	4	static
../Drivers/FreeRTOS-Plus-TCP/FreeRTOS_IP.c:625:6:vIPNetworkUpCalls	16	static
../Drivers/FreeRTOS-Plus-TCP/FreeRTOS_IP.c:669:13:prvHandleEthernetPacket	16	static
../Drivers/FreeRTOS-Plus-TCP/FreeRTOS_IP.c:715:13:prvForwardTxPacket	16	static
../Drivers/FreeRTOS-Plus-TCP/FreeRTOS_IP.c:734:6:FreeRTOS_NetworkDown	32	static
../Drivers/FreeRTOS-Plus-TCP/FreeRTOS_IP.c:770:12:FreeRTOS_NetworkDownFromISR	32	static
../Drivers/FreeRTOS-Plus-TCP/FreeRTOS_IP.c:814:12:FreeRTOS_GetUDPPayloadBuffer	16	static
../Drivers/FreeRTOS-Plus-TCP/FreeRTOS_IP.c:834:8:FreeRTOS_GetUDPPayloadBuffer_Multi	56	static
../Drivers/FreeRTOS-Plus-TCP/FreeRTOS_IP.c:916:16:FreeRTOS_IPInit	40	static
../Drivers/FreeRTOS-Plus-TCP/FreeRTOS_IP.c:944:12:FreeRTOS_IPInit_Multi	24	static
../Drivers/FreeRTOS-Plus-TCP/FreeRTOS_IP.c:1040:6:FreeRTOS_ReleaseUDPPayloadBuffer	24	static
../Drivers/FreeRTOS-Plus-TCP/FreeRTOS_IP.c:1062:10:FreeRTOS_GetEndPointConfiguration	24	static
../Drivers/FreeRTOS-Plus-TCP/FreeRTOS_IP.c:1110:10:FreeRTOS_GetAddressConfiguration	40	static
../Drivers/FreeRTOS-Plus-TCP/FreeRTOS_IP.c:1141:10:FreeRTOS_SetEndPointConfiguration	24	static
../Drivers/FreeRTOS-Plus-TCP/FreeRTOS_IP.c:1189:10:FreeRTOS_SetAddressConfiguration	40	static
../Drivers/FreeRTOS-Plus-TCP/FreeRTOS_IP.c:1220:16:FreeRTOS_ReleaseTCPPayloadBuffer	40	static
../Drivers/FreeRTOS-Plus-TCP/FreeRTOS_IP.c:1269:16:FreeRTOS_SendPingRequest	64	static
../Drivers/FreeRTOS-Plus-TCP/FreeRTOS_IP.c:1360:12:xSendEventToIPTask	32	static
../Drivers/FreeRTOS-Plus-TCP/FreeRTOS_IP.c:1380:12:xSendEventStructToIPTask	32	static
../Drivers/FreeRTOS-Plus-TCP/FreeRTOS_IP.c:1452:26:eConsiderFrameForProcessing	32	static
../Drivers/FreeRTOS-Plus-TCP/FreeRTOS_IP.c:1544:13:prvProcessEthernetPacket	24	static
../Drivers/FreeRTOS-Plus-TCP/FreeRTOS_IP.c:1704:33:prvProcessUDPPacket	64	static
../Drivers/FreeRTOS-Plus-TCP/FreeRTOS_IP.c:1809:33:prvProcessIPPacket	40	static
../Drivers/FreeRTOS-Plus-TCP/FreeRTOS_IP.c:2050:6:vReturnEthernetFrame	64	static
../Drivers/FreeRTOS-Plus-TCP/FreeRTOS_IP.c:2221:14:FreeRTOS_GetIPAddress	16	static
../Drivers/FreeRTOS-Plus-TCP/FreeRTOS_IP.c:2276:10:FreeRTOS_SetIPAddress	24	static
../Drivers/FreeRTOS-Plus-TCP/FreeRTOS_IP.c:2294:14:FreeRTOS_GetGatewayAddress	16	static
../Drivers/FreeRTOS-Plus-TCP/FreeRTOS_IP.c:2313:14:FreeRTOS_GetDNSServerAddress	16	static
../Drivers/FreeRTOS-Plus-TCP/FreeRTOS_IP.c:2332:14:FreeRTOS_GetNetmask	16	static
../Drivers/FreeRTOS-Plus-TCP/FreeRTOS_IP.c:2351:10:FreeRTOS_UpdateMACAddress	24	static
../Drivers/FreeRTOS-Plus-TCP/FreeRTOS_IP.c:2368:21:FreeRTOS_GetMACAddress	16	static
../Drivers/FreeRTOS-Plus-TCP/FreeRTOS_IP.c:2388:10:FreeRTOS_SetNetmask	24	static
../Drivers/FreeRTOS-Plus-TCP/FreeRTOS_IP.c:2404:10:FreeRTOS_SetGatewayAddress	24	static
../Drivers/FreeRTOS-Plus-TCP/FreeRTOS_IP.c:2421:12:xIPIsNetworkTaskReady	4	static
../Drivers/FreeRTOS-Plus-TCP/FreeRTOS_IP.c:2432:12:FreeRTOS_IsNetworkUp	8	static
../Drivers/FreeRTOS-Plus-TCP/FreeRTOS_IP.c:2445:12:xIsNetworkDownEventPending	4	static
../Drivers/FreeRTOS-Plus-TCP/FreeRTOS_IP.c:2456:12:FreeRTOS_IsEndPointUp	24	static
../Drivers/FreeRTOS-Plus-TCP/FreeRTOS_IP.c:2483:12:FreeRTOS_AllEndPointsUp	24	static
../Drivers/FreeRTOS-Plus-TCP/FreeRTOS_IP.c:2515:17:uxGetMinimumIPQueueSpace	4	static
../Drivers/FreeRTOS-Plus-TCP/FreeRTOS_IP.c:2527:8:uxIPHeaderSizePacket	24	static
../Drivers/FreeRTOS-Plus-TCP/FreeRTOS_IP.c:2554:8:uxIPHeaderSizeSocket	24	static
