../Drivers/FreeRTOS-Plus-TCP/FreeRTOS_DHCP.c:158:16:xIsDHCPSocket	24	static
../Drivers/FreeRTOS-Plus-TCP/FreeRTOS_DHCP.c:183:10:vDHCPProcess	48	static
../Drivers/FreeRTOS-Plus-TCP/FreeRTOS_DHCP.c:302:10:vDHCPStop	16	static
../Drivers/FreeRTOS-Plus-TCP/FreeRTOS_DHCP.c:319:23:xHandleWaitingOffer	24	static
../Drivers/FreeRTOS-Plus-TCP/FreeRTOS_DHCP.c:460:17:vHandleWaitingAcknowledge	16	static
../Drivers/FreeRTOS-Plus-TCP/FreeRTOS_DHCP.c:546:23:xHandleWaitingFirstDiscover	24	static
../Drivers/FreeRTOS-Plus-TCP/FreeRTOS_DHCP.c:613:17:prvHandleWaitingeLeasedAddress	24	static
../Drivers/FreeRTOS-Plus-TCP/FreeRTOS_DHCP.c:666:17:vDHCPProcessEndPoint	32	static
../Drivers/FreeRTOS-Plus-TCP/FreeRTOS_DHCP.c:831:17:prvCloseDHCPSocket	24	static
../Drivers/FreeRTOS-Plus-TCP/FreeRTOS_DHCP.c:868:18:prvCreateDHCPSocket	56	static
../Drivers/FreeRTOS-Plus-TCP/FreeRTOS_DHCP.c:938:17:prvInitialiseDHCP	16	static
../Drivers/FreeRTOS-Plus-TCP/FreeRTOS_DHCP.c:972:17:vProcessHandleOption	48	static
../Drivers/FreeRTOS-Plus-TCP/FreeRTOS_DHCP.c:1135:23:prvIsValidDHCPResponse	24	static
../Drivers/FreeRTOS-Plus-TCP/FreeRTOS_DHCP.c:1167:23:xProcessCheckOption	32	static
../Drivers/FreeRTOS-Plus-TCP/FreeRTOS_DHCP.c:1251:23:prvProcessDHCPReplies	80	static
../Drivers/FreeRTOS-Plus-TCP/FreeRTOS_DHCP.c:1365:22:prvCreatePartDHCPMessage	64	static
../Drivers/FreeRTOS-Plus-TCP/FreeRTOS_DHCP.c:1488:23:prvSendDHCPRequest	72	static
../Drivers/FreeRTOS-Plus-TCP/FreeRTOS_DHCP.c:1563:23:prvSendDHCPDiscover	72	static
