../Drivers/FreeRTOS-Plus-TCP/FreeRTOS_IP_Utils.c:148:13:prvSetChecksumInPacket	16	static
../Drivers/FreeRTOS-Plus-TCP/FreeRTOS_IP_Utils.c:182:17:prvGetChecksumFromPacket	24	static
../Drivers/FreeRTOS-Plus-TCP/FreeRTOS_IP_Utils.c:221:16:xSendDHCPEvent	32	static
../Drivers/FreeRTOS-Plus-TCP/FreeRTOS_IP_Utils.c:255:29:pxDuplicateNetworkBufferWithDescriptor	24	static
../Drivers/FreeRTOS-Plus-TCP/FreeRTOS_IP_Utils.c:308:36:prvPacketBuffer_to_NetworkBuffer	24	static
../Drivers/FreeRTOS-Plus-TCP/FreeRTOS_IP_Utils.c:367:18:void_ptr_to_uintptr	24	static
../Drivers/FreeRTOS-Plus-TCP/FreeRTOS_IP_Utils.c:384:19:prvChecksumProtocolChecks	32	static
../Drivers/FreeRTOS-Plus-TCP/FreeRTOS_IP_Utils.c:494:19:prvChecksumProtocolMTUCheck	24	static
../Drivers/FreeRTOS-Plus-TCP/FreeRTOS_IP_Utils.c:532:13:prvChecksumProtocolCalculate	40	static
../Drivers/FreeRTOS-Plus-TCP/FreeRTOS_IP_Utils.c:657:13:prvChecksumProtocolSetChecksum	64	static
../Drivers/FreeRTOS-Plus-TCP/FreeRTOS_IP_Utils.c:702:33:pxPacketBuffer_to_NetworkBuffer	16	static
../Drivers/FreeRTOS-Plus-TCP/FreeRTOS_IP_Utils.c:717:29:pxUDPPayloadBuffer_to_NetworkBuffer	40	static
../Drivers/FreeRTOS-Plus-TCP/FreeRTOS_IP_Utils.c:792:12:xIsCallingFromIPTask	24	static
../Drivers/FreeRTOS-Plus-TCP/FreeRTOS_IP_Utils.c:819:6:prvProcessNetworkDownEvent	24	static
../Drivers/FreeRTOS-Plus-TCP/FreeRTOS_IP_Utils.c:984:6:vPreCheckConfigs	16	static
../Drivers/FreeRTOS-Plus-TCP/FreeRTOS_IP_Utils.c:1073:10:usGenerateProtocolChecksum	72	static
../Drivers/FreeRTOS-Plus-TCP/FreeRTOS_IP_Utils.c:1255:10:usGenerateChecksum	64	static
../Drivers/FreeRTOS-Plus-TCP/FreeRTOS_IP_Utils.c:1444:10:vPrintResourceStats	24	static
../Drivers/FreeRTOS-Plus-TCP/FreeRTOS_IP_Utils.c:1517:18:FreeRTOS_strerror_r	32	static
../Drivers/FreeRTOS-Plus-TCP/FreeRTOS_IP_Utils.c:1625:9:FreeRTOS_max_int32	16	static
../Drivers/FreeRTOS-Plus-TCP/FreeRTOS_IP_Utils.c:1638:10:FreeRTOS_max_uint32	16	static
../Drivers/FreeRTOS-Plus-TCP/FreeRTOS_IP_Utils.c:1651:8:FreeRTOS_max_size_t	16	static
../Drivers/FreeRTOS-Plus-TCP/FreeRTOS_IP_Utils.c:1664:9:FreeRTOS_min_int32	16	static
../Drivers/FreeRTOS-Plus-TCP/FreeRTOS_IP_Utils.c:1677:10:FreeRTOS_min_uint32	16	static
../Drivers/FreeRTOS-Plus-TCP/FreeRTOS_IP_Utils.c:1690:8:FreeRTOS_min_size_t	16	static
../Drivers/FreeRTOS-Plus-TCP/FreeRTOS_IP_Utils.c:1703:10:FreeRTOS_round_up	24	static
../Drivers/FreeRTOS-Plus-TCP/FreeRTOS_IP_Utils.c:1725:10:FreeRTOS_round_down	24	static
../Drivers/FreeRTOS-Plus-TCP/FreeRTOS_IP_Utils.c:1750:10:ulChar2u32	16	static
../Drivers/FreeRTOS-Plus-TCP/FreeRTOS_IP_Utils.c:1768:10:usChar2u16	16	static
../Drivers/FreeRTOS-Plus-TCP/FreeRTOS_IP_Utils.c:1783:18:eGetDHCPState	16	static
