../Drivers/FreeRTOS-Plus-TCP/FreeRTOS_IP_Timers.c:132:12:xCalculateSleepTime	16	static
../Drivers/FreeRTOS-Plus-TCP/FreeRTOS_IP_Timers.c:203:6:vCheckNetworkTimers	32	static
../Drivers/FreeRTOS-Plus-TCP/FreeRTOS_IP_Timers.c:344:13:prvIPTimerStart	16	static
../Drivers/FreeRTOS-Plus-TCP/FreeRTOS_IP_Timers.c:368:6:vIPTimerStartARPResolution	16	static
../Drivers/FreeRTOS-Plus-TCP/FreeRTOS_IP_Timers.c:380:13:prvIPTimerReload	16	static
../Drivers/FreeRTOS-Plus-TCP/FreeRTOS_IP_Timers.c:395:10:vTCPTimerReload	16	static
../Drivers/FreeRTOS-Plus-TCP/FreeRTOS_IP_Timers.c:407:6:vARPTimerReload	16	static
../Drivers/FreeRTOS-Plus-TCP/FreeRTOS_IP_Timers.c:421:10:vDNSTimerReload	16	static
../Drivers/FreeRTOS-Plus-TCP/FreeRTOS_IP_Timers.c:437:10:vDHCP_RATimerReload	16	static
../Drivers/FreeRTOS-Plus-TCP/FreeRTOS_IP_Timers.c:451:6:vNetworkTimerReload	16	static
../Drivers/FreeRTOS-Plus-TCP/FreeRTOS_IP_Timers.c:464:19:prvIPTimerCheck	24	static
../Drivers/FreeRTOS-Plus-TCP/FreeRTOS_IP_Timers.c:507:10:vIPSetTCPTimerExpiredState	16	static
../Drivers/FreeRTOS-Plus-TCP/FreeRTOS_IP_Timers.c:528:6:vIPSetARPTimerEnableState	16	static
../Drivers/FreeRTOS-Plus-TCP/FreeRTOS_IP_Timers.c:546:6:vIPSetARPResolutionTimerEnableState	16	static
../Drivers/FreeRTOS-Plus-TCP/FreeRTOS_IP_Timers.c:567:10:vIPSetDHCP_RATimerEnableState	16	static
../Drivers/FreeRTOS-Plus-TCP/FreeRTOS_IP_Timers.c:592:10:vIPSetDNSTimerEnableState	16	static
../Drivers/FreeRTOS-Plus-TCP/FreeRTOS_IP_Timers.c:611:6:vSetAllNetworksUp	16	static
