../Drivers/FreeRTOS-Plus-TCP/FreeRTOS_ARP.c:146:30:eARPProcessPacket	72	static
../Drivers/FreeRTOS-Plus-TCP/FreeRTOS_ARP.c:371:17:vARPProcessPacketRequest	40	static
../Drivers/FreeRTOS-Plus-TCP/FreeRTOS_ARP.c:426:17:vARPProcessPacketReply	56	static
../Drivers/FreeRTOS-Plus-TCP/FreeRTOS_ARP.c:486:12:xIsIPInARPCache	24	static
../Drivers/FreeRTOS-Plus-TCP/FreeRTOS_ARP.c:520:12:xCheckRequiresARPResolution	160	static
../Drivers/FreeRTOS-Plus-TCP/FreeRTOS_ARP.c:660:6:vARPRefreshCacheEntryAge	24	static
../Drivers/FreeRTOS-Plus-TCP/FreeRTOS_ARP.c:696:6:vARPRefreshCacheEntry	40	static
../Drivers/FreeRTOS-Plus-TCP/FreeRTOS_ARP.c:782:19:prvFindCacheEntry	48	static
../Drivers/FreeRTOS-Plus-TCP/FreeRTOS_ARP.c:961:24:eARPGetCacheEntry	40	static
../Drivers/FreeRTOS-Plus-TCP/FreeRTOS_ARP.c:1028:31:eARPGetCacheEntryGateWay	40	static
../Drivers/FreeRTOS-Plus-TCP/FreeRTOS_ARP.c:1123:31:prvCacheLookup	32	static
../Drivers/FreeRTOS-Plus-TCP/FreeRTOS_ARP.c:1168:10:vARPAgeCache	24	static
../Drivers/FreeRTOS-Plus-TCP/FreeRTOS_ARP.c:1254:10:vARPSendGratuitous	8	static
../Drivers/FreeRTOS-Plus-TCP/FreeRTOS_ARP.c:1273:10:FreeRTOS_OutputARPRequest_Multi	32	static
../Drivers/FreeRTOS-Plus-TCP/FreeRTOS_ARP.c:1344:10:FreeRTOS_OutputARPRequest	24	static
../Drivers/FreeRTOS-Plus-TCP/FreeRTOS_ARP.c:1368:16:xARPWaitResolution	56	static
../Drivers/FreeRTOS-Plus-TCP/FreeRTOS_ARP.c:1428:10:vARPGenerateRequestPacket	32	static
../Drivers/FreeRTOS-Plus-TCP/FreeRTOS_ARP.c:1513:6:FreeRTOS_ClearARP	24	static
../Drivers/FreeRTOS-Plus-TCP/FreeRTOS_ARP.c:1536:10:FreeRTOS_PrintARPCache	64	static
